Archive member included to satisfy reference by file (symbol)

C:/ST/STM32CubeIDE_1.18.0/STM32CubeIDE/plugins/com.st.stm32cube.ide.mcu.externaltools.gnu-tools-for-stm32.13.3.rel1.win32_1.0.0.202411081344/tools/bin/../lib/gcc/arm-none-eabi/13.3.1/../../../../arm-none-eabi/lib/thumb/v7e-m+fp/hard\libc_nano.a(libc_a-exit.o)
                              C:/ST/STM32CubeIDE_1.18.0/STM32CubeIDE/plugins/com.st.stm32cube.ide.mcu.externaltools.gnu-tools-for-stm32.13.3.rel1.win32_1.0.0.202411081344/tools/bin/../lib/gcc/arm-none-eabi/13.3.1/../../../../arm-none-eabi/lib/thumb/v7e-m+fp/hard/crt0.o (exit)
C:/ST/STM32CubeIDE_1.18.0/STM32CubeIDE/plugins/com.st.stm32cube.ide.mcu.externaltools.gnu-tools-for-stm32.13.3.rel1.win32_1.0.0.202411081344/tools/bin/../lib/gcc/arm-none-eabi/13.3.1/../../../../arm-none-eabi/lib/thumb/v7e-m+fp/hard\libc_nano.a(libc_a-findfp.o)
                              C:/ST/STM32CubeIDE_1.18.0/STM32CubeIDE/plugins/com.st.stm32cube.ide.mcu.externaltools.gnu-tools-for-stm32.13.3.rel1.win32_1.0.0.202411081344/tools/bin/../lib/gcc/arm-none-eabi/13.3.1/../../../../arm-none-eabi/lib/thumb/v7e-m+fp/hard\libc_nano.a(libc_a-exit.o) (__stdio_exit_handler)
C:/ST/STM32CubeIDE_1.18.0/STM32CubeIDE/plugins/com.st.stm32cube.ide.mcu.externaltools.gnu-tools-for-stm32.13.3.rel1.win32_1.0.0.202411081344/tools/bin/../lib/gcc/arm-none-eabi/13.3.1/../../../../arm-none-eabi/lib/thumb/v7e-m+fp/hard\libc_nano.a(libc_a-fwalk.o)
                              C:/ST/STM32CubeIDE_1.18.0/STM32CubeIDE/plugins/com.st.stm32cube.ide.mcu.externaltools.gnu-tools-for-stm32.13.3.rel1.win32_1.0.0.202411081344/tools/bin/../lib/gcc/arm-none-eabi/13.3.1/../../../../arm-none-eabi/lib/thumb/v7e-m+fp/hard\libc_nano.a(libc_a-findfp.o) (_fwalk_sglue)
C:/ST/STM32CubeIDE_1.18.0/STM32CubeIDE/plugins/com.st.stm32cube.ide.mcu.externaltools.gnu-tools-for-stm32.13.3.rel1.win32_1.0.0.202411081344/tools/bin/../lib/gcc/arm-none-eabi/13.3.1/../../../../arm-none-eabi/lib/thumb/v7e-m+fp/hard\libc_nano.a(libc_a-stdio.o)
                              C:/ST/STM32CubeIDE_1.18.0/STM32CubeIDE/plugins/com.st.stm32cube.ide.mcu.externaltools.gnu-tools-for-stm32.13.3.rel1.win32_1.0.0.202411081344/tools/bin/../lib/gcc/arm-none-eabi/13.3.1/../../../../arm-none-eabi/lib/thumb/v7e-m+fp/hard\libc_nano.a(libc_a-findfp.o) (__sread)
C:/ST/STM32CubeIDE_1.18.0/STM32CubeIDE/plugins/com.st.stm32cube.ide.mcu.externaltools.gnu-tools-for-stm32.13.3.rel1.win32_1.0.0.202411081344/tools/bin/../lib/gcc/arm-none-eabi/13.3.1/../../../../arm-none-eabi/lib/thumb/v7e-m+fp/hard\libc_nano.a(libc_a-memset.o)
                              C:/ST/STM32CubeIDE_1.18.0/STM32CubeIDE/plugins/com.st.stm32cube.ide.mcu.externaltools.gnu-tools-for-stm32.13.3.rel1.win32_1.0.0.202411081344/tools/bin/../lib/gcc/arm-none-eabi/13.3.1/../../../../arm-none-eabi/lib/thumb/v7e-m+fp/hard/crt0.o (memset)
C:/ST/STM32CubeIDE_1.18.0/STM32CubeIDE/plugins/com.st.stm32cube.ide.mcu.externaltools.gnu-tools-for-stm32.13.3.rel1.win32_1.0.0.202411081344/tools/bin/../lib/gcc/arm-none-eabi/13.3.1/../../../../arm-none-eabi/lib/thumb/v7e-m+fp/hard\libc_nano.a(libc_a-strncpy.o)
                              ./Drivers/VL53L1_Nucleo/core/src/vl53l1_api.o (strncpy)
C:/ST/STM32CubeIDE_1.18.0/STM32CubeIDE/plugins/com.st.stm32cube.ide.mcu.externaltools.gnu-tools-for-stm32.13.3.rel1.win32_1.0.0.202411081344/tools/bin/../lib/gcc/arm-none-eabi/13.3.1/../../../../arm-none-eabi/lib/thumb/v7e-m+fp/hard\libc_nano.a(libc_a-closer.o)
                              C:/ST/STM32CubeIDE_1.18.0/STM32CubeIDE/plugins/com.st.stm32cube.ide.mcu.externaltools.gnu-tools-for-stm32.13.3.rel1.win32_1.0.0.202411081344/tools/bin/../lib/gcc/arm-none-eabi/13.3.1/../../../../arm-none-eabi/lib/thumb/v7e-m+fp/hard\libc_nano.a(libc_a-stdio.o) (_close_r)
C:/ST/STM32CubeIDE_1.18.0/STM32CubeIDE/plugins/com.st.stm32cube.ide.mcu.externaltools.gnu-tools-for-stm32.13.3.rel1.win32_1.0.0.202411081344/tools/bin/../lib/gcc/arm-none-eabi/13.3.1/../../../../arm-none-eabi/lib/thumb/v7e-m+fp/hard\libc_nano.a(libc_a-reent.o)
                              C:/ST/STM32CubeIDE_1.18.0/STM32CubeIDE/plugins/com.st.stm32cube.ide.mcu.externaltools.gnu-tools-for-stm32.13.3.rel1.win32_1.0.0.202411081344/tools/bin/../lib/gcc/arm-none-eabi/13.3.1/../../../../arm-none-eabi/lib/thumb/v7e-m+fp/hard\libc_nano.a(libc_a-closer.o) (errno)
C:/ST/STM32CubeIDE_1.18.0/STM32CubeIDE/plugins/com.st.stm32cube.ide.mcu.externaltools.gnu-tools-for-stm32.13.3.rel1.win32_1.0.0.202411081344/tools/bin/../lib/gcc/arm-none-eabi/13.3.1/../../../../arm-none-eabi/lib/thumb/v7e-m+fp/hard\libc_nano.a(libc_a-impure.o)
                              C:/ST/STM32CubeIDE_1.18.0/STM32CubeIDE/plugins/com.st.stm32cube.ide.mcu.externaltools.gnu-tools-for-stm32.13.3.rel1.win32_1.0.0.202411081344/tools/bin/../lib/gcc/arm-none-eabi/13.3.1/../../../../arm-none-eabi/lib/thumb/v7e-m+fp/hard\libc_nano.a(libc_a-reent.o) (_impure_ptr)
[...]
Memory Configuration

Name             Origin             Length             Attributes
RAM              0x20000000         0x00018000         xrw
RAM2             0x10000000         0x00008000         xrw
FLASH            0x08000000         0x00100000         xr
*default*        0x00000000         0xffffffff

Linker script and memory map

LOAD C:/ST/STM32CubeIDE_1.18.0/STM32CubeIDE/plugins/com.st.stm32cube.ide.mcu.externaltools.gnu-tools-for-stm32.13.3.rel1.win32_1.0.0.202411081344/tools/bin/../lib/gcc/arm-none-eabi/13.3.1/thumb/v7e-m+fp/hard/crti.o
LOAD C:/ST/STM32CubeIDE_1.18.0/STM32CubeIDE/plugins/com.st.stm32cube.ide.mcu.externaltools.gnu-tools-for-stm32.13.3.rel1.win32_1.0.0.202411081344/tools/bin/../lib/gcc/arm-none-eabi/13.3.1/thumb/v7e-m+fp/hard/crtbegin.o
LOAD C:/ST/STM32CubeIDE_1.18.0/STM32CubeIDE/plugins/com.st.stm32cube.ide.mcu.externaltools.gnu-tools-for-stm32.13.3.rel1.win32_1.0.0.202411081344/tools/bin/../lib/gcc/arm-none-eabi/13.3.1/../../../../arm-none-eabi/lib/thumb/v7e-m+fp/hard/crt0.o
LOAD ./Core/Src/fonts.o
LOAD ./Core/Src/main.o
LOAD ./Core/Src/ssd1306.o
LOAD ./Core/Src/stm32l4xx_hal_msp.o
LOAD ./Core/Src/stm32l4xx_it.o
LOAD ./Core/Src/syscalls.o
LOAD ./Core/Src/sysmem.o
LOAD ./Core/Src/system_stm32l4xx.o
LOAD ./Core/Startup/startup_stm32l476rgtx.o
LOAD ./Drivers/STM32L4xx_HAL_Driver/Src/stm32l4xx_hal.o
LOAD ./Drivers/STM32L4xx_HAL_Driver/Src/stm32l4xx_hal_can.o
LOAD ./Drivers/STM32L4xx_HAL_Driver/Src/stm32l4xx_hal_cortex.o
LOAD ./Drivers/STM32L4xx_HAL_Driver/Src/stm32l4xx_hal_dma.o
LOAD ./Drivers/STM32L4xx_HAL_Driver/Src/stm32l4xx_hal_dma_ex.o
LOAD ./Drivers/STM32L4xx_HAL_Driver/Src/stm32l4xx_hal_exti.o
LOAD ./Drivers/STM32L4xx_HAL_Driver/Src/stm32l4xx_hal_flash.o
LOAD ./Drivers/STM32L4xx_HAL_Driver/Src/stm32l4xx_hal_flash_ex.o
LOAD ./Drivers/STM32L4xx_HAL_Driver/Src/stm32l4xx_hal_flash_ramfunc.o
LOAD ./Drivers/STM32L4xx_HAL_Driver/Src/stm32l4xx_hal_gpio.o
LOAD ./Drivers/STM32L4xx_HAL_Driver/Src/stm32l4xx_hal_i2c.o
LOAD ./Drivers/STM32L4xx_HAL_Driver/Src/stm32l4xx_hal_i2c_ex.o
LOAD ./Drivers/STM32L4xx_HAL_Driver/Src/stm32l4xx_hal_pwr.o
LOAD ./Drivers/STM32L4xx_HAL_Driver/Src/stm32l4xx_hal_pwr_ex.o
LOAD ./Drivers/STM32L4xx_HAL_Driver/Src/stm32l4xx_hal_rcc.o
LOAD ./Drivers/STM32L4xx_HAL_Driver/Src/stm32l4xx_hal_rcc_ex.o
LOAD ./Drivers/STM32L4xx_HAL_Driver/Src/stm32l4xx_hal_tim.o
LOAD ./Drivers/STM32L4xx_HAL_Driver/Src/stm32l4xx_hal_tim_ex.o
LOAD ./Drivers/STM32L4xx_HAL_Driver/Src/stm32l4xx_hal_uart.o
LOAD ./Drivers/STM32L4xx_HAL_Driver/Src/stm32l4xx_hal_uart_ex.o
LOAD ./Drivers/VL53L1_Nucleo/core/src/vl53l1_api.o
LOAD ./Drivers/VL53L1_Nucleo/core/src/vl53l1_api_calibration.o
LOAD ./Drivers/VL53L1_Nucleo/core/src/vl53l1_api_core.o
LOAD ./Drivers/VL53L1_Nucleo/core/src/vl53l1_api_debug.o
LOAD ./Drivers/VL53L1_Nucleo/core/src/vl53l1_api_preset_modes.o
LOAD ./Drivers/VL53L1_Nucleo/core/src/vl53l1_api_strings.o
LOAD ./Drivers/VL53L1_Nucleo/core/src/vl53l1_core.o
LOAD ./Drivers/VL53L1_Nucleo/core/src/vl53l1_core_support.o
LOAD ./Drivers/VL53L1_Nucleo/core/src/vl53l1_error_strings.o
LOAD ./Drivers/VL53L1_Nucleo/core/src/vl53l1_register_funcs.o
LOAD ./Drivers/VL53L1_Nucleo/core/src/vl53l1_silicon_core.o
LOAD ./Drivers/VL53L1_Nucleo/core/src/vl53l1_wait.o
LOAD ./Drivers/VL53L1_Nucleo/platform/src/vl53l1_platform.o
LOAD ./Drivers/VL53L1_Nucleo/platform/src/vl53l1_platform_log.o
START GROUP
LOAD C:/ST/STM32CubeIDE_1.18.0/STM32CubeIDE/plugins/com.st.stm32cube.ide.mcu.externaltools.gnu-tools-for-stm32.13.3.rel1.win32_1.0.0.202411081344/tools/bin/../lib/gcc/arm-none-eabi/13.3.1/../../../../arm-none-eabi/lib/thumb/v7e-m+fp/hard\libc_nano.a
LOAD C:/ST/STM32CubeIDE_1.18.0/STM32CubeIDE/plugins/com.st.stm32cube.ide.mcu.externaltools.gnu-tools-for-stm32.13.3.rel1.win32_1.0.0.202411081344/tools/bin/../lib/gcc/arm-none-eabi/13.3.1/../../../../arm-none-eabi/lib/thumb/v7e-m+fp/hard\libm.a
END GROUP
START GROUP
LOAD C:/ST/STM32CubeIDE_1.18.0/STM32CubeIDE/plugins/com.st.stm32cube.ide.mcu.externaltools.gnu-tools-for-stm32.13.3.rel1.win32_1.0.0.202411081344/tools/bin/../lib/gcc/arm-none-eabi/13.3.1/thumb/v7e-m+fp/hard\libgcc.a
LOAD C:/ST/STM32CubeIDE_1.18.0/STM32CubeIDE/plugins/com.st.stm32cube.ide.mcu.externaltools.gnu-tools-for-stm32.13.3.rel1.win32_1.0.0.202411081344/tools/bin/../lib/gcc/arm-none-eabi/13.3.1/../../../../arm-none-eabi/lib/thumb/v7e-m+fp/hard\libc_nano.a
END GROUP
START GROUP
LOAD C:/ST/STM32CubeIDE_1.18.0/STM32CubeIDE/plugins/com.st.stm32cube.ide.mcu.externaltools.gnu-tools-for-stm32.13.3.rel1.win32_1.0.0.202411081344/tools/bin/../lib/gcc/arm-none-eabi/13.3.1/thumb/v7e-m+fp/hard\libgcc.a
LOAD C:/ST/STM32CubeIDE_1.18.0/STM32CubeIDE/plugins/com.st.stm32cube.ide.mcu.externaltools.gnu-tools-for-stm32.13.3.rel1.win32_1.0.0.202411081344/tools/bin/../lib/gcc/arm-none-eabi/13.3.1/../../../../arm-none-eabi/lib/thumb/v7e-m+fp/hard\libc_nano.a
LOAD C:/ST/STM32CubeIDE_1.18.0/STM32CubeIDE/plugins/com.st.stm32cube.ide.mcu.externaltools.gnu-tools-for-stm32.13.3.rel1.win32_1.0.0.202411081344/tools/bin/../lib/gcc/arm-none-eabi/13.3.1/../../../../arm-none-eabi/lib/thumb/v7e-m+fp/hard\libnosys.a
END GROUP
START GROUP
LOAD C:/ST/STM32CubeIDE_1.18.0/STM32CubeIDE/plugins/com.st.stm32cube.ide.mcu.externaltools.gnu-tools-for-stm32.13.3.rel1.win32_1.0.0.202411081344/tools/bin/../lib/gcc/arm-none-eabi/13.3.1/thumb/v7e-m+fp/hard\libgcc.a
LOAD C:/ST/STM32CubeIDE_1.18.0/STM32CubeIDE/plugins/com.st.stm32cube.ide.mcu.externaltools.gnu-tools-for-stm32.13.3.rel1.win32_1.0.0.202411081344/tools/bin/../lib/gcc/arm-none-eabi/13.3.1/../../../../arm-none-eabi/lib/thumb/v7e-m+fp/hard\libc_nano.a
LOAD C:/ST/STM32CubeIDE_1.18.0/STM32CubeIDE/plugins/com.st.stm32cube.ide.mcu.externaltools.gnu-tools-for-stm32.13.3.rel1.win32_1.0.0.202411081344/tools/bin/../lib/gcc/arm-none-eabi/13.3.1/../../../../arm-none-eabi/lib/thumb/v7e-m+fp/hard\libnosys.a
END GROUP
LOAD C:/ST/STM32CubeIDE_1.18.0/STM32CubeIDE/plugins/com.st.stm32cube.ide.mcu.externaltools.gnu-tools-for-stm32.13.3.rel1.win32_1.0.0.202411081344/tools/bin/../lib/gcc/arm-none-eabi/13.3.1/thumb/v7e-m+fp/hard/crtend.o
LOAD C:/ST/STM32CubeIDE_1.18.0/STM32CubeIDE/plugins/com.st.stm32cube.ide.mcu.externaltools.gnu-tools-for-stm32.13.3.rel1.win32_1.0.0.202411081344/tools/bin/../lib/gcc/arm-none-eabi/13.3.1/thumb/v7e-m+fp/hard/crtn.o
                0x20018000                        _estack = (ORIGIN (RAM) + LENGTH (RAM))
                0x00000200                        _Min_Heap_Size = 0x200
                0x00000400                        _Min_Stack_Size = 0x400

.isr_vector     0x08000000      0x188
                0x08000000                        . = ALIGN (0x4)
 *(.isr_vector)
 .isr_vector    0x08000000      0x188 ./Core/Startup/startup_stm32l476rgtx.o
                0x08000000                g_pfnVectors
                0x08000188                        . = ALIGN (0x4)

.text           0x08000188     0xaaa0
                0x08000188                        . = ALIGN (0x4)
 *(.text)
 .text          0x08000188       0x40 C:/ST/STM32CubeIDE_1.18.0/STM32CubeIDE/plugins/com.st.stm32cube.ide.mcu.externaltools.gnu-tools-for-stm32.13.3.rel1.win32_1.0.0.202411081344/tools/bin/../lib/gcc/arm-none-eabi/13.3.1/thumb/v7e-m+fp/hard/crtbegin.o
 .text          0x080001c8       0x30 C:/ST/STM32CubeIDE_1.18.0/STM32CubeIDE/plugins/com.st.stm32cube.ide.mcu.externaltools.gnu-tools-for-stm32.13.3.rel1.win32_1.0.0.202411081344/tools/bin/../lib/gcc/arm-none-eabi/13.3.1/thumb/v7e-m+fp/hard\libgcc.a(_aeabi_uldivmod.o)
                0x080001c8                __aeabi_uldivmod
 .text          0x080001f8      0x2f8 C:/ST/STM32CubeIDE_1.18.0/STM32CubeIDE/plugins/com.st.stm32cube.ide.mcu.externaltools.gnu-tools-for-stm32.13.3.rel1.win32_1.0.0.202411081344/tools/bin/../lib/gcc/arm-none-eabi/13.3.1/thumb/v7e-m+fp/hard\libgcc.a(_udivmoddi4.o)
                0x080001f8                __udivmoddi4
 .text          0x080004f0        0x4 C:/ST/STM32CubeIDE_1.18.0/STM32CubeIDE/plugins/com.st.stm32cube.ide.mcu.externaltools.gnu-tools-for-stm32.13.3.rel1.win32_1.0.0.202411081344/tools/bin/../lib/gcc/arm-none-eabi/13.3.1/thumb/v7e-m+fp/hard\libgcc.a(_dvmd_tls.o)
                0x080004f0                __aeabi_idiv0
                0x080004f0                __aeabi_ldiv0
 *(.text*)
 .text.main     0x080004f4       0xe0 ./Core/Src/main.o
                0x080004f4                main
 .text.SystemClock_Config
                0x080005d4       0xa2 ./Core/Src/main.o
                0x080005d4                SystemClock_Config
 *fill*         0x08000676        0x2 
 .text.MX_CAN1_Init
                0x08000678       0x6c ./Core/Src/main.o
 .text.MX_I2C1_Init
                0x080006e4       0x80 ./Core/Src/main.o
 .text.MX_TIM7_Init
                0x08000764       0x70 ./Core/Src/main.o
 .text.MX_USART2_UART_Init
                0x080007d4       0x60 ./Core/Src/main.o
 .text.MX_GPIO_Init
                0x08000834      0x108 ./Core/Src/main.o
 .text.HAL_GPIO_EXTI_Callback
                0x0800093c       0xc0 ./Core/Src/main.o
                0x0800093c                HAL_GPIO_EXTI_Callback
 .text.HAL_CAN_TxMailbox0CompleteCallback
                0x080009fc       0x14 ./Core/Src/main.o
                0x080009fc                HAL_CAN_TxMailbox0CompleteCallback
 .text.HAL_TIM_PeriodElapsedCallback
                0x08000a10       0x38 ./Core/Src/main.o
                0x08000a10                HAL_TIM_PeriodElapsedCallback
 .text.ResetAndInitializeTOF1
                0x08000a48      0x134 ./Core/Src/main.o
                0x08000a48                ResetAndInitializeTOF1
 .text.ResetAndInitializeTOF2
                0x08000b7c      0x10c ./Core/Src/main.o
                0x08000b7c                ResetAndInitializeTOF2
 .text.Error_Handler
                0x08000c88        0xc ./Core/Src/main.o
                0x08000c88                Error_Handler
 .text.HAL_MspInit
                0x08000c94       0x48 ./Core/Src/stm32l4xx_hal_msp.o
                0x08000c94                HAL_MspInit
 .text.HAL_CAN_MspInit
                0x08000cdc       0xc8 ./Core/Src/stm32l4xx_hal_msp.o
                0x08000cdc                HAL_CAN_MspInit
 .text.HAL_I2C_MspInit
                0x08000da4       0xbc ./Core/Src/stm32l4xx_hal_msp.o
                0x08000da4                HAL_I2C_MspInit
 .text.HAL_TIM_Base_MspInit
                0x08000e60       0x4c ./Core/Src/stm32l4xx_hal_msp.o
                0x08000e60                HAL_TIM_Base_MspInit
 .text.HAL_UART_MspInit
                0x08000eac       0xb8 ./Core/Src/stm32l4xx_hal_msp.o
                0x08000eac                HAL_UART_MspInit
 .text.NMI_Handler
                0x08000f64        0x8 ./Core/Src/stm32l4xx_it.o
                0x08000f64                NMI_Handler
 .text.HardFault_Handler
                0x08000f6c        0x8 ./Core/Src/stm32l4xx_it.o
                0x08000f6c                HardFault_Handler
 .text.MemManage_Handler
                0x08000f74        0x8 ./Core/Src/stm32l4xx_it.o
                0x08000f74                MemManage_Handler
 .text.BusFault_Handler
                0x08000f7c        0x8 ./Core/Src/stm32l4xx_it.o
                0x08000f7c                BusFault_Handler
 .text.UsageFault_Handler
                0x08000f84        0x8 ./Core/Src/stm32l4xx_it.o
                0x08000f84                UsageFault_Handler
 .text.SVC_Handler
                0x08000f8c        0xe ./Core/Src/stm32l4xx_it.o
                0x08000f8c                SVC_Handler
 .text.DebugMon_Handler
                0x08000f9a        0xe ./Core/Src/stm32l4xx_it.o
                0x08000f9a                DebugMon_Handler
 .text.PendSV_Handler
                0x08000fa8        0xe ./Core/Src/stm32l4xx_it.o
                0x08000fa8                PendSV_Handler
 .text.SysTick_Handler
                0x08000fb6        0xc ./Core/Src/stm32l4xx_it.o
                0x08000fb6                SysTick_Handler
 *fill*         0x08000fc2        0x2 
 .text.CAN1_TX_IRQHandler
                0x08000fc4       0x14 ./Core/Src/stm32l4xx_it.o
                0x08000fc4                CAN1_TX_IRQHandler
 .text.CAN1_RX0_IRQHandler
                0x08000fd8       0x14 ./Core/Src/stm32l4xx_it.o
                0x08000fd8                CAN1_RX0_IRQHandler
 .text.CAN1_RX1_IRQHandler
                0x08000fec       0x14 ./Core/Src/stm32l4xx_it.o
                0x08000fec                CAN1_RX1_IRQHandler
 .text.CAN1_SCE_IRQHandler
                0x08001000       0x14 ./Core/Src/stm32l4xx_it.o
                0x08001000                CAN1_SCE_IRQHandler
 .text.EXTI15_10_IRQHandler
                0x08001014       0x20 ./Core/Src/stm32l4xx_it.o
                0x08001014                EXTI15_10_IRQHandler
 .text.TIM7_IRQHandler
                0x08001034       0x14 ./Core/Src/stm32l4xx_it.o
                0x08001034                TIM7_IRQHandler
 .text.SystemInit
                0x08001048       0x24 ./Core/Src/system_stm32l4xx.o
                0x08001048                SystemInit
 .text.Reset_Handler
                0x0800106c       0x50 ./Core/Startup/startup_stm32l476rgtx.o
                0x0800106c                Reset_Handler
 .text.Default_Handler
                0x080010bc        0x2 ./Core/Startup/startup_stm32l476rgtx.o
                0x080010bc                RTC_Alarm_IRQHandler
                0x080010bc                EXTI2_IRQHandler
                0x080010bc                TIM8_TRG_COM_IRQHandler
                0x080010bc                TIM8_CC_IRQHandler
                0x080010bc                TIM1_CC_IRQHandler
                0x080010bc                TSC_IRQHandler
                0x080010bc                TAMP_STAMP_IRQHandler
                0x080010bc                EXTI3_IRQHandler
                0x080010bc                LPTIM2_IRQHandler
                0x080010bc                DFSDM1_FLT1_IRQHandler
                0x080010bc                I2C3_ER_IRQHandler
                0x080010bc                DFSDM1_FLT2_IRQHandler
                0x080010bc                EXTI0_IRQHandler
                0x080010bc                I2C2_EV_IRQHandler
                0x080010bc                FPU_IRQHandler
                0x080010bc                TIM1_UP_TIM16_IRQHandler
                0x080010bc                ADC1_2_IRQHandler
                0x080010bc                SPI1_IRQHandler
                0x080010bc                TIM6_DAC_IRQHandler
                0x080010bc                TIM8_UP_IRQHandler
                0x080010bc                DMA2_Channel2_IRQHandler
                0x080010bc                DMA1_Channel4_IRQHandler
                0x080010bc                SAI2_IRQHandler
                0x080010bc                DFSDM1_FLT3_IRQHandler
                0x080010bc                USART3_IRQHandler
                0x080010bc                DMA1_Channel7_IRQHandler
                0x080010bc                LCD_IRQHandler
                0x080010bc                UART5_IRQHandler
                0x080010bc                ADC3_IRQHandler
                0x080010bc                TIM4_IRQHandler
                0x080010bc                DMA2_Channel1_IRQHandler
                0x080010bc                QUADSPI_IRQHandler
                0x080010bc                I2C1_EV_IRQHandler
                0x080010bc                DMA1_Channel6_IRQHandler
                0x080010bc                UART4_IRQHandler
                0x080010bc                DMA2_Channel4_IRQHandler
                0x080010bc                TIM3_IRQHandler
                0x080010bc                RCC_IRQHandler
                0x080010bc                DMA1_Channel1_IRQHandler
                0x080010bc                Default_Handler
                0x080010bc                DMA2_Channel7_IRQHandler
                0x080010bc                SDMMC1_IRQHandler
                0x080010bc                TIM5_IRQHandler
                0x080010bc                I2C3_EV_IRQHandler
                0x080010bc                EXTI9_5_IRQHandler
                0x080010bc                RTC_WKUP_IRQHandler
                0x080010bc                PVD_PVM_IRQHandler
                0x080010bc                SPI2_IRQHandler
                0x080010bc                DMA2_Channel5_IRQHandler
                0x080010bc                DMA1_Channel5_IRQHandler
                0x080010bc                EXTI4_IRQHandler
                0x080010bc                RNG_IRQHandler
                0x080010bc                TIM1_TRG_COM_TIM17_IRQHandler
                0x080010bc                DMA1_Channel3_IRQHandler
                0x080010bc                COMP_IRQHandler
                0x080010bc                WWDG_IRQHandler
                0x080010bc                LPUART1_IRQHandler
                0x080010bc                DMA2_Channel6_IRQHandler
                0x080010bc                TIM2_IRQHandler
                0x080010bc                EXTI1_IRQHandler
                0x080010bc                USART2_IRQHandler
                0x080010bc                DFSDM1_FLT0_IRQHandler
                0x080010bc                I2C2_ER_IRQHandler
                0x080010bc                DMA1_Channel2_IRQHandler
                0x080010bc                TIM8_BRK_IRQHandler
                0x080010bc                FLASH_IRQHandler
                0x080010bc                USART1_IRQHandler
                0x080010bc                OTG_FS_IRQHandler
                0x080010bc                SPI3_IRQHandler
                0x080010bc                I2C1_ER_IRQHandler
                0x080010bc                FMC_IRQHandler
                0x080010bc                SWPMI1_IRQHandler
                0x080010bc                LPTIM1_IRQHandler
                0x080010bc                SAI1_IRQHandler
                0x080010bc                DMA2_Channel3_IRQHandler
                0x080010bc                TIM1_BRK_TIM15_IRQHandler
 *fill*         0x080010be        0x2 
 .text.HAL_Init
                0x080010c0       0x40 ./Drivers/STM32L4xx_HAL_Driver/Src/stm32l4xx_hal.o
                0x080010c0                HAL_Init
 .text.HAL_InitTick
                0x08001100       0x78 ./Drivers/STM32L4xx_HAL_Driver/Src/stm32l4xx_hal.o
                0x08001100                HAL_InitTick
 .text.HAL_IncTick
                0x08001178       0x28 ./Drivers/STM32L4xx_HAL_Driver/Src/stm32l4xx_hal.o
                0x08001178                HAL_IncTick
 .text.HAL_GetTick
                0x080011a0       0x18 ./Drivers/STM32L4xx_HAL_Driver/Src/stm32l4xx_hal.o
                0x080011a0                HAL_GetTick
 .text.HAL_Delay
                0x080011b8       0x48 ./Drivers/STM32L4xx_HAL_Driver/Src/stm32l4xx_hal.o
                0x080011b8                HAL_Delay
 .text.HAL_CAN_Init
                0x08001200      0x1f6 ./Drivers/STM32L4xx_HAL_Driver/Src/stm32l4xx_hal_can.o
                0x08001200                HAL_CAN_Init
 .text.HAL_CAN_ConfigFilter
                0x080013f6      0x194 ./Drivers/STM32L4xx_HAL_Driver/Src/stm32l4xx_hal_can.o
                0x080013f6                HAL_CAN_ConfigFilter
 .text.HAL_CAN_Start
                0x0800158a       0x88 ./Drivers/STM32L4xx_HAL_Driver/Src/stm32l4xx_hal_can.o
                0x0800158a                HAL_CAN_Start
 .text.HAL_CAN_AddTxMessage
                0x08001612      0x1a0 ./Drivers/STM32L4xx_HAL_Driver/Src/stm32l4xx_hal_can.o
                0x08001612                HAL_CAN_AddTxMessage
 .text.HAL_CAN_ActivateNotification
                0x080017b2       0x4c ./Drivers/STM32L4xx_HAL_Driver/Src/stm32l4xx_hal_can.o
                0x080017b2                HAL_CAN_ActivateNotification
 .text.HAL_CAN_IRQHandler
                0x080017fe      0x36e ./Drivers/STM32L4xx_HAL_Driver/Src/stm32l4xx_hal_can.o
                0x080017fe                HAL_CAN_IRQHandler
 .text.HAL_CAN_TxMailbox1CompleteCallback
                0x08001b6c       0x14 ./Drivers/STM32L4xx_HAL_Driver/Src/stm32l4xx_hal_can.o
                0x08001b6c                HAL_CAN_TxMailbox1CompleteCallback
 .text.HAL_CAN_TxMailbox2CompleteCallback
                0x08001b80       0x14 ./Drivers/STM32L4xx_HAL_Driver/Src/stm32l4xx_hal_can.o
                0x08001b80                HAL_CAN_TxMailbox2CompleteCallback
 .text.HAL_CAN_TxMailbox0AbortCallback
                0x08001b94       0x14 ./Drivers/STM32L4xx_HAL_Driver/Src/stm32l4xx_hal_can.o
                0x08001b94                HAL_CAN_TxMailbox0AbortCallback
 .text.HAL_CAN_TxMailbox1AbortCallback
                0x08001ba8       0x14 ./Drivers/STM32L4xx_HAL_Driver/Src/stm32l4xx_hal_can.o
                0x08001ba8                HAL_CAN_TxMailbox1AbortCallback
 .text.HAL_CAN_TxMailbox2AbortCallback
                0x08001bbc       0x14 ./Drivers/STM32L4xx_HAL_Driver/Src/stm32l4xx_hal_can.o
                0x08001bbc                HAL_CAN_TxMailbox2AbortCallback
 .text.HAL_CAN_RxFifo0MsgPendingCallback
                0x08001bd0       0x14 ./Drivers/STM32L4xx_HAL_Driver/Src/stm32l4xx_hal_can.o
                0x08001bd0                HAL_CAN_RxFifo0MsgPendingCallback
 .text.HAL_CAN_RxFifo0FullCallback
                0x08001be4       0x14 ./Drivers/STM32L4xx_HAL_Driver/Src/stm32l4xx_hal_can.o
                0x08001be4                HAL_CAN_RxFifo0FullCallback
 .text.HAL_CAN_RxFifo1MsgPendingCallback
                0x08001bf8       0x14 ./Drivers/STM32L4xx_HAL_Driver/Src/stm32l4xx_hal_can.o
                0x08001bf8                HAL_CAN_RxFifo1MsgPendingCallback
 .text.HAL_CAN_RxFifo1FullCallback
                0x08001c0c       0x14 ./Drivers/STM32L4xx_HAL_Driver/Src/stm32l4xx_hal_can.o
                0x08001c0c                HAL_CAN_RxFifo1FullCallback
 .text.HAL_CAN_SleepCallback
                0x08001c20       0x14 ./Drivers/STM32L4xx_HAL_Driver/Src/stm32l4xx_hal_can.o
                0x08001c20                HAL_CAN_SleepCallback
 .text.HAL_CAN_WakeUpFromRxMsgCallback
                0x08001c34       0x14 ./Drivers/STM32L4xx_HAL_Driver/Src/stm32l4xx_hal_can.o
                0x08001c34                HAL_CAN_WakeUpFromRxMsgCallback
 .text.HAL_CAN_ErrorCallback
                0x08001c48       0x14 ./Drivers/STM32L4xx_HAL_Driver/Src/stm32l4xx_hal_can.o
                0x08001c48                HAL_CAN_ErrorCallback
 .text.__NVIC_SetPriorityGrouping
                0x08001c5c       0x48 ./Drivers/STM32L4xx_HAL_Driver/Src/stm32l4xx_hal_cortex.o
 .text.__NVIC_GetPriorityGrouping
                0x08001ca4       0x1c ./Drivers/STM32L4xx_HAL_Driver/Src/stm32l4xx_hal_cortex.o
 .text.__NVIC_EnableIRQ
                0x08001cc0       0x3c ./Drivers/STM32L4xx_HAL_Driver/Src/stm32l4xx_hal_cortex.o
 .text.__NVIC_SetPriority
                0x08001cfc       0x54 ./Drivers/STM32L4xx_HAL_Driver/Src/stm32l4xx_hal_cortex.o
 .text.NVIC_EncodePriority
                0x08001d50       0x66 ./Drivers/STM32L4xx_HAL_Driver/Src/stm32l4xx_hal_cortex.o
 *fill*         0x08001db6        0x2 
 .text.SysTick_Config
                0x08001db8       0x44 ./Drivers/STM32L4xx_HAL_Driver/Src/stm32l4xx_hal_cortex.o
 .text.HAL_NVIC_SetPriorityGrouping
                0x08001dfc       0x16 ./Drivers/STM32L4xx_HAL_Driver/Src/stm32l4xx_hal_cortex.o
                0x08001dfc                HAL_NVIC_SetPriorityGrouping
 .text.HAL_NVIC_SetPriority
                0x08001e12       0x38 ./Drivers/STM32L4xx_HAL_Driver/Src/stm32l4xx_hal_cortex.o
                0x08001e12                HAL_NVIC_SetPriority
 .text.HAL_NVIC_EnableIRQ
                0x08001e4a       0x1c ./Drivers/STM32L4xx_HAL_Driver/Src/stm32l4xx_hal_cortex.o
                0x08001e4a                HAL_NVIC_EnableIRQ
 .text.HAL_SYSTICK_Config
                0x08001e66       0x18 ./Drivers/STM32L4xx_HAL_Driver/Src/stm32l4xx_hal_cortex.o
                0x08001e66                HAL_SYSTICK_Config
 *fill*         0x08001e7e        0x2 
 .text.HAL_GPIO_Init
                0x08001e80      0x354 ./Drivers/STM32L4xx_HAL_Driver/Src/stm32l4xx_hal_gpio.o
                0x08001e80                HAL_GPIO_Init
 .text.HAL_GPIO_WritePin
                0x080021d4       0x30 ./Drivers/STM32L4xx_HAL_Driver/Src/stm32l4xx_hal_gpio.o
                0x080021d4                HAL_GPIO_WritePin
 .text.HAL_GPIO_EXTI_IRQHandler
                0x08002204       0x30 ./Drivers/STM32L4xx_HAL_Driver/Src/stm32l4xx_hal_gpio.o
                0x08002204                HAL_GPIO_EXTI_IRQHandler
 .text.HAL_I2C_Init
                0x08002234      0x136 ./Drivers/STM32L4xx_HAL_Driver/Src/stm32l4xx_hal_i2c.o
                0x08002234                HAL_I2C_Init
 *fill*         0x0800236a        0x2 
 .text.HAL_I2C_Master_Transmit
                0x0800236c      0x230 ./Drivers/STM32L4xx_HAL_Driver/Src/stm32l4xx_hal_i2c.o
                0x0800236c                HAL_I2C_Master_Transmit
 .text.HAL_I2C_Master_Receive
                0x0800259c      0x1ec ./Drivers/STM32L4xx_HAL_Driver/Src/stm32l4xx_hal_i2c.o
                0x0800259c                HAL_I2C_Master_Receive
 .text.I2C_Flush_TXDR
                0x08002788       0x48 ./Drivers/STM32L4xx_HAL_Driver/Src/stm32l4xx_hal_i2c.o
 .text.I2C_WaitOnFlagUntilTimeout
                0x080027d0       0xb2 ./Drivers/STM32L4xx_HAL_Driver/Src/stm32l4xx_hal_i2c.o
 .text.I2C_WaitOnTXISFlagUntilTimeout
                0x08002882       0x8e ./Drivers/STM32L4xx_HAL_Driver/Src/stm32l4xx_hal_i2c.o
 .text.I2C_WaitOnSTOPFlagUntilTimeout
                0x08002910       0x86 ./Drivers/STM32L4xx_HAL_Driver/Src/stm32l4xx_hal_i2c.o
 *fill*         0x08002996        0x2 
 .text.I2C_WaitOnRXNEFlagUntilTimeout
                0x08002998      0x118 ./Drivers/STM32L4xx_HAL_Driver/Src/stm32l4xx_hal_i2c.o
 .text.I2C_IsErrorOccurred
                0x08002ab0      0x1c0 ./Drivers/STM32L4xx_HAL_Driver/Src/stm32l4xx_hal_i2c.o
 .text.I2C_TransferConfig
                0x08002c70       0x64 ./Drivers/STM32L4xx_HAL_Driver/Src/stm32l4xx_hal_i2c.o
 .text.HAL_I2CEx_ConfigAnalogFilter
                0x08002cd4       0x96 ./Drivers/STM32L4xx_HAL_Driver/Src/stm32l4xx_hal_i2c_ex.o
                0x08002cd4                HAL_I2CEx_ConfigAnalogFilter
 .text.HAL_I2CEx_ConfigDigitalFilter
                0x08002d6a       0x98 ./Drivers/STM32L4xx_HAL_Driver/Src/stm32l4xx_hal_i2c_ex.o
                0x08002d6a                HAL_I2CEx_ConfigDigitalFilter
 *fill*         0x08002e02        0x2 
 .text.HAL_PWREx_GetVoltageRange
                0x08002e04       0x1c ./Drivers/STM32L4xx_HAL_Driver/Src/stm32l4xx_hal_pwr_ex.o
                0x08002e04                HAL_PWREx_GetVoltageRange
 .text.HAL_PWREx_ControlVoltageScaling
                0x08002e20       0xac ./Drivers/STM32L4xx_HAL_Driver/Src/stm32l4xx_hal_pwr_ex.o
                0x08002e20                HAL_PWREx_ControlVoltageScaling
 .text.HAL_RCC_OscConfig
                0x08002ecc      0x7b8 ./Drivers/STM32L4xx_HAL_Driver/Src/stm32l4xx_hal_rcc.o
                0x08002ecc                HAL_RCC_OscConfig
 .text.HAL_RCC_ClockConfig
                0x08003684      0x200 ./Drivers/STM32L4xx_HAL_Driver/Src/stm32l4xx_hal_rcc.o
                0x08003684                HAL_RCC_ClockConfig
 .text.HAL_RCC_GetSysClockFreq
                0x08003884      0x118 ./Drivers/STM32L4xx_HAL_Driver/Src/stm32l4xx_hal_rcc.o
                0x08003884                HAL_RCC_GetSysClockFreq
 .text.HAL_RCC_GetHCLKFreq
                0x0800399c       0x18 ./Drivers/STM32L4xx_HAL_Driver/Src/stm32l4xx_hal_rcc.o
                0x0800399c                HAL_RCC_GetHCLKFreq
 .text.HAL_RCC_GetPCLK1Freq
                0x080039b4       0x2c ./Drivers/STM32L4xx_HAL_Driver/Src/stm32l4xx_hal_rcc.o
                0x080039b4                HAL_RCC_GetPCLK1Freq
 .text.HAL_RCC_GetPCLK2Freq
                0x080039e0       0x2c ./Drivers/STM32L4xx_HAL_Driver/Src/stm32l4xx_hal_rcc.o
                0x080039e0                HAL_RCC_GetPCLK2Freq
 .text.RCC_SetFlashLatencyFromMSIRange
                0x08003a0c       0xc0 ./Drivers/STM32L4xx_HAL_Driver/Src/stm32l4xx_hal_rcc.o
 .text.HAL_RCCEx_PeriphCLKConfig
                0x08003acc      0x5d4 ./Drivers/STM32L4xx_HAL_Driver/Src/stm32l4xx_hal_rcc_ex.o
                0x08003acc                HAL_RCCEx_PeriphCLKConfig
 .text.RCCEx_PLLSAI1_Config
                0x080040a0      0x1e8 ./Drivers/STM32L4xx_HAL_Driver/Src/stm32l4xx_hal_rcc_ex.o
 .text.RCCEx_PLLSAI2_Config
                0x08004288      0x1bc ./Drivers/STM32L4xx_HAL_Driver/Src/stm32l4xx_hal_rcc_ex.o
 .text.HAL_TIM_Base_Init
                0x08004444       0xae ./Drivers/STM32L4xx_HAL_Driver/Src/stm32l4xx_hal_tim.o
                0x08004444                HAL_TIM_Base_Init
 *fill*         0x080044f2        0x2 
 .text.HAL_TIM_Base_Start_IT
                0x080044f4       0xe0 ./Drivers/STM32L4xx_HAL_Driver/Src/stm32l4xx_hal_tim.o
                0x080044f4                HAL_TIM_Base_Start_IT
 .text.HAL_TIM_IRQHandler
                0x080045d4      0x20e ./Drivers/STM32L4xx_HAL_Driver/Src/stm32l4xx_hal_tim.o
                0x080045d4                HAL_TIM_IRQHandler
 .text.HAL_TIM_OC_DelayElapsedCallback
                0x080047e2       0x14 ./Drivers/STM32L4xx_HAL_Driver/Src/stm32l4xx_hal_tim.o
                0x080047e2                HAL_TIM_OC_DelayElapsedCallback
 .text.HAL_TIM_IC_CaptureCallback
                0x080047f6       0x14 ./Drivers/STM32L4xx_HAL_Driver/Src/stm32l4xx_hal_tim.o
                0x080047f6                HAL_TIM_IC_CaptureCallback
 .text.HAL_TIM_PWM_PulseFinishedCallback
                0x0800480a       0x14 ./Drivers/STM32L4xx_HAL_Driver/Src/stm32l4xx_hal_tim.o
                0x0800480a                HAL_TIM_PWM_PulseFinishedCallback
 .text.HAL_TIM_TriggerCallback
                0x0800481e       0x14 ./Drivers/STM32L4xx_HAL_Driver/Src/stm32l4xx_hal_tim.o
                0x0800481e                HAL_TIM_TriggerCallback
 *fill*         0x08004832        0x2 
 .text.TIM_Base_SetConfig
                0x08004834      0x14c ./Drivers/STM32L4xx_HAL_Driver/Src/stm32l4xx_hal_tim.o
                0x08004834                TIM_Base_SetConfig
 .text.HAL_TIMEx_MasterConfigSynchronization
                0x08004980      0x110 ./Drivers/STM32L4xx_HAL_Driver/Src/stm32l4xx_hal_tim_ex.o
                0x08004980                HAL_TIMEx_MasterConfigSynchronization
 .text.HAL_TIMEx_CommutCallback
                0x08004a90       0x14 ./Drivers/STM32L4xx_HAL_Driver/Src/stm32l4xx_hal_tim_ex.o
                0x08004a90                HAL_TIMEx_CommutCallback
 .text.HAL_TIMEx_BreakCallback
                0x08004aa4       0x14 ./Drivers/STM32L4xx_HAL_Driver/Src/stm32l4xx_hal_tim_ex.o
                0x08004aa4                HAL_TIMEx_BreakCallback
 .text.HAL_TIMEx_Break2Callback
                0x08004ab8       0x14 ./Drivers/STM32L4xx_HAL_Driver/Src/stm32l4xx_hal_tim_ex.o
                0x08004ab8                HAL_TIMEx_Break2Callback
 .text.HAL_UART_Init
                0x08004acc       0x9c ./Drivers/STM32L4xx_HAL_Driver/Src/stm32l4xx_hal_uart.o
                0x08004acc                HAL_UART_Init
 .text.UART_SetConfig
                0x08004b68      0x570 ./Drivers/STM32L4xx_HAL_Driver/Src/stm32l4xx_hal_uart.o
                0x08004b68                UART_SetConfig
 .text.UART_AdvFeatureConfig
                0x080050d8      0x144 ./Drivers/STM32L4xx_HAL_Driver/Src/stm32l4xx_hal_uart.o
                0x080050d8                UART_AdvFeatureConfig
 .text.UART_CheckIdleState
                0x0800521c      0x150 ./Drivers/STM32L4xx_HAL_Driver/Src/stm32l4xx_hal_uart.o
                0x0800521c                UART_CheckIdleState
 .text.UART_WaitOnFlagUntilTimeout
                0x0800536c       0xda ./Drivers/STM32L4xx_HAL_Driver/Src/stm32l4xx_hal_uart.o
                0x0800536c                UART_WaitOnFlagUntilTimeout
 .text.UART_EndRxTransfer
                0x08005446       0xc8 ./Drivers/STM32L4xx_HAL_Driver/Src/stm32l4xx_hal_uart.o
 .text.CheckValidRectRoi
                0x0800550e       0x4c ./Drivers/VL53L1_Nucleo/core/src/vl53l1_api.o
 *fill*         0x0800555a        0x2 
 .text.ConvertModeToLLD
                0x0800555c       0x58 ./Drivers/VL53L1_Nucleo/core/src/vl53l1_api.o
 .text.VL53L1_SetDeviceAddress
                0x080055b4       0x4c ./Drivers/VL53L1_Nucleo/core/src/vl53l1_api.o
                0x080055b4                VL53L1_SetDeviceAddress
 .text.VL53L1_DataInit
                0x08005600       0x72 ./Drivers/VL53L1_Nucleo/core/src/vl53l1_api.o
                0x08005600                VL53L1_DataInit
 .text.VL53L1_StaticInit
                0x08005672       0x3e ./Drivers/VL53L1_Nucleo/core/src/vl53l1_api.o
                0x08005672                VL53L1_StaticInit
 .text.VL53L1_WaitDeviceBooted
                0x080056b0       0x26 ./Drivers/VL53L1_Nucleo/core/src/vl53l1_api.o
                0x080056b0                VL53L1_WaitDeviceBooted
 *fill*         0x080056d6        0x2 
 .text.ComputeDevicePresetMode
                0x080056d8       0xd0 ./Drivers/VL53L1_Nucleo/core/src/vl53l1_api.o
 .text.SetPresetMode
                0x080057a8       0xde ./Drivers/VL53L1_Nucleo/core/src/vl53l1_api.o
 .text.VL53L1_SetPresetMode
                0x08005886       0x8a ./Drivers/VL53L1_Nucleo/core/src/vl53l1_api.o
                0x08005886                VL53L1_SetPresetMode
 .text.VL53L1_SetDistanceMode
                0x08005910       0xea ./Drivers/VL53L1_Nucleo/core/src/vl53l1_api.o
                0x08005910                VL53L1_SetDistanceMode
 *fill*         0x080059fa        0x2 
 .text.VL53L1_SetMeasurementTimingBudgetMicroSeconds
                0x080059fc      0x1c0 ./Drivers/VL53L1_Nucleo/core/src/vl53l1_api.o
                0x080059fc                VL53L1_SetMeasurementTimingBudgetMicroSeconds
 .text.VL53L1_SetInterMeasurementPeriodMilliSeconds
                0x08005bbc       0x40 ./Drivers/VL53L1_Nucleo/core/src/vl53l1_api.o
                0x08005bbc                VL53L1_SetInterMeasurementPeriodMilliSeconds
 .text.SetLimitValue
                0x08005bfc       0x52 ./Drivers/VL53L1_Nucleo/core/src/vl53l1_api.o
 .text.VL53L1_SetLimitCheckEnable
                0x08005c4e       0x7c ./Drivers/VL53L1_Nucleo/core/src/vl53l1_api.o
                0x08005c4e                VL53L1_SetLimitCheckEnable
 .text.VL53L1_GetLimitCheckEnable
                0x08005cca       0x46 ./Drivers/VL53L1_Nucleo/core/src/vl53l1_api.o
                0x08005cca                VL53L1_GetLimitCheckEnable
 .text.VL53L1_GetLimitCheckValue
                0x08005d10       0xb2 ./Drivers/VL53L1_Nucleo/core/src/vl53l1_api.o
                0x08005d10                VL53L1_GetLimitCheckValue
 .text.VL53L1_SetUserROI
                0x08005dc2       0xa6 ./Drivers/VL53L1_Nucleo/core/src/vl53l1_api.o
                0x08005dc2                VL53L1_SetUserROI
 .text.VL53L1_GetSequenceStepEnable
                0x08005e68       0x2e ./Drivers/VL53L1_Nucleo/core/src/vl53l1_api.o
                0x08005e68                VL53L1_GetSequenceStepEnable
 .text.VL53L1_ClearInterruptAndStartMeasurement
                0x08005e96       0x2c ./Drivers/VL53L1_Nucleo/core/src/vl53l1_api.o
                0x08005e96                VL53L1_ClearInterruptAndStartMeasurement
 *fill*         0x08005ec2        0x2 
 .text.ComputeRQL
                0x08005ec4       0xf0 ./Drivers/VL53L1_Nucleo/core/src/vl53l1_api.o
 .text.ConvertStatusLite
                0x08005fb4       0xa0 ./Drivers/VL53L1_Nucleo/core/src/vl53l1_api.o
 .text.SetSimpleData
                0x08006054      0x1c0 ./Drivers/VL53L1_Nucleo/core/src/vl53l1_api.o
 .text.VL53L1_GetRangingMeasurementData
                0x08006214       0x78 ./Drivers/VL53L1_Nucleo/core/src/vl53l1_api.o
                0x08006214                VL53L1_GetRangingMeasurementData
 .text.VL53L1_SetThresholdConfig
                0x0800628c      0x1b8 ./Drivers/VL53L1_Nucleo/core/src/vl53l1_api.o
                0x0800628c                VL53L1_SetThresholdConfig
 .text.VL53L1_data_init
                0x08006444      0x13a ./Drivers/VL53L1_Nucleo/core/src/vl53l1_api_core.o
                0x08006444                VL53L1_data_init
 .text.VL53L1_read_p2p_data
                0x0800657e      0x100 ./Drivers/VL53L1_Nucleo/core/src/vl53l1_api_core.o
                0x0800657e                VL53L1_read_p2p_data
 .text.VL53L1_set_inter_measurement_period_ms
                0x0800667e       0x52 ./Drivers/VL53L1_Nucleo/core/src/vl53l1_api_core.o
                0x0800667e                VL53L1_set_inter_measurement_period_ms
 .text.VL53L1_set_timeouts_us
                0x080066d0       0x70 ./Drivers/VL53L1_Nucleo/core/src/vl53l1_api_core.o
                0x080066d0                VL53L1_set_timeouts_us
 .text.VL53L1_get_timeouts_us
                0x08006740       0xd2 ./Drivers/VL53L1_Nucleo/core/src/vl53l1_api_core.o
                0x08006740                VL53L1_get_timeouts_us
 .text.VL53L1_get_sequence_config_bit
                0x08006812       0x6e ./Drivers/VL53L1_Nucleo/core/src/vl53l1_api_core.o
                0x08006812                VL53L1_get_sequence_config_bit
 .text.VL53L1_set_user_zone
                0x08006880       0x46 ./Drivers/VL53L1_Nucleo/core/src/vl53l1_api_core.o
                0x08006880                VL53L1_set_user_zone
 .text.VL53L1_get_user_zone
                0x080068c6       0x44 ./Drivers/VL53L1_Nucleo/core/src/vl53l1_api_core.o
                0x080068c6                VL53L1_get_user_zone
 .text.VL53L1_get_mode_mitigation_roi
                0x0800690a       0x68 ./Drivers/VL53L1_Nucleo/core/src/vl53l1_api_core.o
                0x0800690a                VL53L1_get_mode_mitigation_roi
 *fill*         0x08006972        0x2 
 .text.VL53L1_get_preset_mode_timing_cfg
                0x08006974      0x154 ./Drivers/VL53L1_Nucleo/core/src/vl53l1_api_core.o
                0x08006974                VL53L1_get_preset_mode_timing_cfg
 .text.VL53L1_set_preset_mode
                0x08006ac8      0x2ec ./Drivers/VL53L1_Nucleo/core/src/vl53l1_api_core.o
                0x08006ac8                VL53L1_set_preset_mode
 .text.VL53L1_get_lite_sigma_threshold
                0x08006db4       0x2c ./Drivers/VL53L1_Nucleo/core/src/vl53l1_api_core.o
                0x08006db4                VL53L1_get_lite_sigma_threshold
 .text.VL53L1_set_lite_sigma_threshold
                0x08006de0       0x2c ./Drivers/VL53L1_Nucleo/core/src/vl53l1_api_core.o
                0x08006de0                VL53L1_set_lite_sigma_threshold
 .text.VL53L1_get_lite_min_count_rate
                0x08006e0c       0x2c ./Drivers/VL53L1_Nucleo/core/src/vl53l1_api_core.o
                0x08006e0c                VL53L1_get_lite_min_count_rate
 .text.VL53L1_set_lite_min_count_rate
                0x08006e38       0x2c ./Drivers/VL53L1_Nucleo/core/src/vl53l1_api_core.o
                0x08006e38                VL53L1_set_lite_min_count_rate
 .text.VL53L1_set_vhv_loopbound
                0x08006e64       0x40 ./Drivers/VL53L1_Nucleo/core/src/vl53l1_api_core.o
                0x08006e64                VL53L1_set_vhv_loopbound
 .text.VL53L1_init_and_start_range
                0x08006ea4      0x4c4 ./Drivers/VL53L1_Nucleo/core/src/vl53l1_api_core.o
                0x08006ea4                VL53L1_init_and_start_range
 .text.VL53L1_get_measurement_results
                0x08007368      0x178 ./Drivers/VL53L1_Nucleo/core/src/vl53l1_api_core.o
                0x08007368                VL53L1_get_measurement_results
 .text.VL53L1_get_device_results
                0x080074e0       0xe0 ./Drivers/VL53L1_Nucleo/core/src/vl53l1_api_core.o
                0x080074e0                VL53L1_get_device_results
 .text.VL53L1_clear_interrupt_and_enable_next_range
                0x080075c0       0x34 ./Drivers/VL53L1_Nucleo/core/src/vl53l1_api_core.o
                0x080075c0                VL53L1_clear_interrupt_and_enable_next_range
 .text.VL53L1_copy_sys_and_core_results_to_range_results
                0x080075f4      0x234 ./Drivers/VL53L1_Nucleo/core/src/vl53l1_api_core.o
                0x080075f4                VL53L1_copy_sys_and_core_results_to_range_results
 .text.VL53L1_set_GPIO_interrupt_config_struct
                0x08007828       0x5c ./Drivers/VL53L1_Nucleo/core/src/vl53l1_api_core.o
                0x08007828                VL53L1_set_GPIO_interrupt_config_struct
 .text.VL53L1_get_GPIO_interrupt_config
                0x08007884       0x84 ./Drivers/VL53L1_Nucleo/core/src/vl53l1_api_core.o
                0x08007884                VL53L1_get_GPIO_interrupt_config
 .text.VL53L1_get_tuning_parm
                0x08007908      0x448 ./Drivers/VL53L1_Nucleo/core/src/vl53l1_api_core.o
                0x08007908                VL53L1_get_tuning_parm
 .text.VL53L1_init_refspadchar_config_struct
                0x08007d50       0x48 ./Drivers/VL53L1_Nucleo/core/src/vl53l1_api_preset_modes.o
                0x08007d50                VL53L1_init_refspadchar_config_struct
 .text.VL53L1_init_ssc_config_struct
                0x08007d98       0x42 ./Drivers/VL53L1_Nucleo/core/src/vl53l1_api_preset_modes.o
                0x08007d98                VL53L1_init_ssc_config_struct
 .text.VL53L1_init_xtalk_config_struct
                0x08007dda       0xc4 ./Drivers/VL53L1_Nucleo/core/src/vl53l1_api_preset_modes.o
                0x08007dda                VL53L1_init_xtalk_config_struct
 .text.VL53L1_init_offset_cal_config_struct
                0x08007e9e       0x4e ./Drivers/VL53L1_Nucleo/core/src/vl53l1_api_preset_modes.o
                0x08007e9e                VL53L1_init_offset_cal_config_struct
 .text.VL53L1_init_tuning_parm_storage_struct
                0x08007eec      0x11e ./Drivers/VL53L1_Nucleo/core/src/vl53l1_api_preset_modes.o
                0x08007eec                VL53L1_init_tuning_parm_storage_struct
 .text.VL53L1_preset_mode_standard_ranging
                0x0800800a      0x23c ./Drivers/VL53L1_Nucleo/core/src/vl53l1_api_preset_modes.o
                0x0800800a                VL53L1_preset_mode_standard_ranging
 .text.VL53L1_preset_mode_standard_ranging_short_range
                0x08008246       0x82 ./Drivers/VL53L1_Nucleo/core/src/vl53l1_api_preset_modes.o
                0x08008246                VL53L1_preset_mode_standard_ranging_short_range
 .text.VL53L1_preset_mode_standard_ranging_long_range
                0x080082c8       0x82 ./Drivers/VL53L1_Nucleo/core/src/vl53l1_api_preset_modes.o
                0x080082c8                VL53L1_preset_mode_standard_ranging_long_range
 .text.VL53L1_preset_mode_standard_ranging_mm1_cal
                0x0800834a       0x4a ./Drivers/VL53L1_Nucleo/core/src/vl53l1_api_preset_modes.o
                0x0800834a                VL53L1_preset_mode_standard_ranging_mm1_cal
 .text.VL53L1_preset_mode_standard_ranging_mm2_cal
                0x08008394       0x4a ./Drivers/VL53L1_Nucleo/core/src/vl53l1_api_preset_modes.o
                0x08008394                VL53L1_preset_mode_standard_ranging_mm2_cal
 .text.VL53L1_preset_mode_timed_ranging
                0x080083de       0x74 ./Drivers/VL53L1_Nucleo/core/src/vl53l1_api_preset_modes.o
                0x080083de                VL53L1_preset_mode_timed_ranging
 .text.VL53L1_preset_mode_timed_ranging_short_range
                0x08008452       0x74 ./Drivers/VL53L1_Nucleo/core/src/vl53l1_api_preset_modes.o
                0x08008452                VL53L1_preset_mode_timed_ranging_short_range
 .text.VL53L1_preset_mode_timed_ranging_long_range
                0x080084c6       0x74 ./Drivers/VL53L1_Nucleo/core/src/vl53l1_api_preset_modes.o
                0x080084c6                VL53L1_preset_mode_timed_ranging_long_range
 .text.VL53L1_preset_mode_low_power_auto_ranging
                0x0800853a       0x4c ./Drivers/VL53L1_Nucleo/core/src/vl53l1_api_preset_modes.o
                0x0800853a                VL53L1_preset_mode_low_power_auto_ranging
 .text.VL53L1_preset_mode_low_power_auto_short_ranging
                0x08008586       0x4c ./Drivers/VL53L1_Nucleo/core/src/vl53l1_api_preset_modes.o
                0x08008586                VL53L1_preset_mode_low_power_auto_short_ranging
 .text.VL53L1_preset_mode_low_power_auto_long_ranging
                0x080085d2       0x4c ./Drivers/VL53L1_Nucleo/core/src/vl53l1_api_preset_modes.o
                0x080085d2                VL53L1_preset_mode_low_power_auto_long_ranging
 .text.VL53L1_preset_mode_singleshot_ranging
                0x0800861e       0x6c ./Drivers/VL53L1_Nucleo/core/src/vl53l1_api_preset_modes.o
                0x0800861e                VL53L1_preset_mode_singleshot_ranging
 .text.VL53L1_preset_mode_olt
                0x0800868a       0x44 ./Drivers/VL53L1_Nucleo/core/src/vl53l1_api_preset_modes.o
                0x0800868a                VL53L1_preset_mode_olt
 .text.VL53L1_init_version
                0x080086ce       0x38 ./Drivers/VL53L1_Nucleo/core/src/vl53l1_core.o
                0x080086ce                VL53L1_init_version
 .text.VL53L1_init_ll_driver_state
                0x08008706       0x52 ./Drivers/VL53L1_Nucleo/core/src/vl53l1_core.o
                0x08008706                VL53L1_init_ll_driver_state
 .text.VL53L1_update_ll_driver_rd_state
                0x08008758      0x110 ./Drivers/VL53L1_Nucleo/core/src/vl53l1_core.o
                0x08008758                VL53L1_update_ll_driver_rd_state
 .text.VL53L1_check_ll_driver_rd_state
                0x08008868       0x96 ./Drivers/VL53L1_Nucleo/core/src/vl53l1_core.o
                0x08008868                VL53L1_check_ll_driver_rd_state
 .text.VL53L1_update_ll_driver_cfg_state
                0x080088fe       0xcc ./Drivers/VL53L1_Nucleo/core/src/vl53l1_core.o
                0x080088fe                VL53L1_update_ll_driver_cfg_state
 .text.VL53L1_copy_rtn_good_spads_to_buffer
                0x080089ca      0x174 ./Drivers/VL53L1_Nucleo/core/src/vl53l1_core.o
                0x080089ca                VL53L1_copy_rtn_good_spads_to_buffer
 .text.VL53L1_i2c_encode_uint16_t
                0x08008b3e       0x56 ./Drivers/VL53L1_Nucleo/core/src/vl53l1_core.o
                0x08008b3e                VL53L1_i2c_encode_uint16_t
 .text.VL53L1_i2c_decode_uint16_t
                0x08008b94       0x42 ./Drivers/VL53L1_Nucleo/core/src/vl53l1_core.o
                0x08008b94                VL53L1_i2c_decode_uint16_t
 .text.VL53L1_i2c_encode_int16_t
                0x08008bd6       0x58 ./Drivers/VL53L1_Nucleo/core/src/vl53l1_core.o
                0x08008bd6                VL53L1_i2c_encode_int16_t
 .text.VL53L1_i2c_decode_int16_t
                0x08008c2e       0x50 ./Drivers/VL53L1_Nucleo/core/src/vl53l1_core.o
                0x08008c2e                VL53L1_i2c_decode_int16_t
 .text.VL53L1_i2c_encode_uint32_t
                0x08008c7e       0x54 ./Drivers/VL53L1_Nucleo/core/src/vl53l1_core.o
                0x08008c7e                VL53L1_i2c_encode_uint32_t
 .text.VL53L1_i2c_decode_uint32_t
                0x08008cd2       0x3a ./Drivers/VL53L1_Nucleo/core/src/vl53l1_core.o
                0x08008cd2                VL53L1_i2c_decode_uint32_t
 .text.VL53L1_i2c_decode_int32_t
                0x08008d0c       0x4a ./Drivers/VL53L1_Nucleo/core/src/vl53l1_core.o
                0x08008d0c                VL53L1_i2c_decode_int32_t
 .text.VL53L1_calc_macro_period_us
                0x08008d56       0x5e ./Drivers/VL53L1_Nucleo/core/src/vl53l1_core.o
                0x08008d56                VL53L1_calc_macro_period_us
 .text.VL53L1_calc_range_ignore_threshold
                0x08008db4       0xc4 ./Drivers/VL53L1_Nucleo/core/src/vl53l1_core.o
                0x08008db4                VL53L1_calc_range_ignore_threshold
 .text.VL53L1_calc_timeout_mclks
                0x08008e78       0x2e ./Drivers/VL53L1_Nucleo/core/src/vl53l1_core.o
                0x08008e78                VL53L1_calc_timeout_mclks
 .text.VL53L1_calc_encoded_timeout
                0x08008ea6       0x30 ./Drivers/VL53L1_Nucleo/core/src/vl53l1_core.o
                0x08008ea6                VL53L1_calc_encoded_timeout
 .text.VL53L1_calc_timeout_us
                0x08008ed6       0x80 ./Drivers/VL53L1_Nucleo/core/src/vl53l1_core.o
                0x08008ed6                VL53L1_calc_timeout_us
 .text.VL53L1_calc_decoded_timeout_us
                0x08008f56       0x32 ./Drivers/VL53L1_Nucleo/core/src/vl53l1_core.o
                0x08008f56                VL53L1_calc_decoded_timeout_us
 .text.VL53L1_encode_timeout
                0x08008f88       0x54 ./Drivers/VL53L1_Nucleo/core/src/vl53l1_core.o
                0x08008f88                VL53L1_encode_timeout
 .text.VL53L1_decode_timeout
                0x08008fdc       0x2c ./Drivers/VL53L1_Nucleo/core/src/vl53l1_core.o
                0x08008fdc                VL53L1_decode_timeout
 .text.VL53L1_calc_timeout_register_values
                0x08009008       0xf2 ./Drivers/VL53L1_Nucleo/core/src/vl53l1_core.o
                0x08009008                VL53L1_calc_timeout_register_values
 .text.VL53L1_encode_row_col
                0x080090fa       0x4e ./Drivers/VL53L1_Nucleo/core/src/vl53l1_core.o
                0x080090fa                VL53L1_encode_row_col
 .text.VL53L1_decode_zone_size
                0x08009148       0x30 ./Drivers/VL53L1_Nucleo/core/src/vl53l1_core.o
                0x08009148                VL53L1_decode_zone_size
 .text.VL53L1_encode_zone_size
                0x08009178       0x2c ./Drivers/VL53L1_Nucleo/core/src/vl53l1_core.o
                0x08009178                VL53L1_encode_zone_size
 .text.VL53L1_encode_GPIO_interrupt_config
                0x080091a4       0x6c ./Drivers/VL53L1_Nucleo/core/src/vl53l1_core.o
                0x080091a4                VL53L1_encode_GPIO_interrupt_config
 .text.VL53L1_decode_GPIO_interrupt_config
                0x08009210       0x76 ./Drivers/VL53L1_Nucleo/core/src/vl53l1_core.o
                0x08009210                VL53L1_decode_GPIO_interrupt_config
 .text.VL53L1_set_GPIO_distance_threshold
                0x08009286       0x38 ./Drivers/VL53L1_Nucleo/core/src/vl53l1_core.o
                0x08009286                VL53L1_set_GPIO_distance_threshold
 .text.VL53L1_set_GPIO_rate_threshold
                0x080092be       0x38 ./Drivers/VL53L1_Nucleo/core/src/vl53l1_core.o
                0x080092be                VL53L1_set_GPIO_rate_threshold
 .text.VL53L1_set_GPIO_thresholds_from_struct
                0x080092f6       0x4a ./Drivers/VL53L1_Nucleo/core/src/vl53l1_core.o
                0x080092f6                VL53L1_set_GPIO_thresholds_from_struct
 .text.VL53L1_low_power_auto_data_init
                0x08009340       0x68 ./Drivers/VL53L1_Nucleo/core/src/vl53l1_core.o
                0x08009340                VL53L1_low_power_auto_data_init
 .text.VL53L1_config_low_power_auto_mode
                0x080093a8       0x32 ./Drivers/VL53L1_Nucleo/core/src/vl53l1_core.o
                0x080093a8                VL53L1_config_low_power_auto_mode
 .text.VL53L1_low_power_auto_setup_manual_calibration
                0x080093da       0x8a ./Drivers/VL53L1_Nucleo/core/src/vl53l1_core.o
                0x080093da                VL53L1_low_power_auto_setup_manual_calibration
 .text.VL53L1_calc_pll_period_us
                0x08009464       0x28 ./Drivers/VL53L1_Nucleo/core/src/vl53l1_core_support.o
                0x08009464                VL53L1_calc_pll_period_us
 .text.VL53L1_decode_vcsel_period
                0x0800948c       0x26 ./Drivers/VL53L1_Nucleo/core/src/vl53l1_core_support.o
                0x0800948c                VL53L1_decode_vcsel_period
 .text.VL53L1_decode_row_col
                0x080094b2       0x5e ./Drivers/VL53L1_Nucleo/core/src/vl53l1_core_support.o
                0x080094b2                VL53L1_decode_row_col
 .text.VL53L1_i2c_encode_static_nvm_managed
                0x08009510       0xb6 ./Drivers/VL53L1_Nucleo/core/src/vl53l1_register_funcs.o
                0x08009510                VL53L1_i2c_encode_static_nvm_managed
 .text.VL53L1_i2c_decode_static_nvm_managed
                0x080095c6       0xb4 ./Drivers/VL53L1_Nucleo/core/src/vl53l1_register_funcs.o
                0x080095c6                VL53L1_i2c_decode_static_nvm_managed
 .text.VL53L1_get_static_nvm_managed
                0x0800967a       0x4e ./Drivers/VL53L1_Nucleo/core/src/vl53l1_register_funcs.o
                0x0800967a                VL53L1_get_static_nvm_managed
 .text.VL53L1_i2c_encode_customer_nvm_managed
                0x080096c8      0x114 ./Drivers/VL53L1_Nucleo/core/src/vl53l1_register_funcs.o
                0x080096c8                VL53L1_i2c_encode_customer_nvm_managed
 .text.VL53L1_i2c_decode_customer_nvm_managed
                0x080097dc      0x11a ./Drivers/VL53L1_Nucleo/core/src/vl53l1_register_funcs.o
                0x080097dc                VL53L1_i2c_decode_customer_nvm_managed
 .text.VL53L1_get_customer_nvm_managed
                0x080098f6       0x4e ./Drivers/VL53L1_Nucleo/core/src/vl53l1_register_funcs.o
                0x080098f6                VL53L1_get_customer_nvm_managed
 .text.VL53L1_i2c_encode_static_config
                0x08009944      0x1c6 ./Drivers/VL53L1_Nucleo/core/src/vl53l1_register_funcs.o
                0x08009944                VL53L1_i2c_encode_static_config
 .text.VL53L1_i2c_encode_general_config
                0x08009b0a      0x108 ./Drivers/VL53L1_Nucleo/core/src/vl53l1_register_funcs.o
                0x08009b0a                VL53L1_i2c_encode_general_config
 .text.VL53L1_i2c_encode_timing_config
                0x08009c12      0x104 ./Drivers/VL53L1_Nucleo/core/src/vl53l1_register_funcs.o
                0x08009c12                VL53L1_i2c_encode_timing_config
 .text.VL53L1_i2c_encode_dynamic_config
                0x08009d16      0x10a ./Drivers/VL53L1_Nucleo/core/src/vl53l1_register_funcs.o
                0x08009d16                VL53L1_i2c_encode_dynamic_config
 .text.VL53L1_i2c_encode_system_control
                0x08009e20       0x76 ./Drivers/VL53L1_Nucleo/core/src/vl53l1_register_funcs.o
                0x08009e20                VL53L1_i2c_encode_system_control
 .text.VL53L1_i2c_decode_system_results
                0x08009e96      0x1ec ./Drivers/VL53L1_Nucleo/core/src/vl53l1_register_funcs.o
                0x08009e96                VL53L1_i2c_decode_system_results
 .text.VL53L1_i2c_decode_core_results
                0x0800a082       0xc2 ./Drivers/VL53L1_Nucleo/core/src/vl53l1_register_funcs.o
                0x0800a082                VL53L1_i2c_decode_core_results
 .text.VL53L1_i2c_decode_debug_results
                0x0800a144      0x2e4 ./Drivers/VL53L1_Nucleo/core/src/vl53l1_register_funcs.o
                0x0800a144                VL53L1_i2c_decode_debug_results
 .text.VL53L1_i2c_decode_nvm_copy_data
                0x0800a428      0x24c ./Drivers/VL53L1_Nucleo/core/src/vl53l1_register_funcs.o
                0x0800a428                VL53L1_i2c_decode_nvm_copy_data
 .text.VL53L1_get_nvm_copy_data
                0x0800a674       0x56 ./Drivers/VL53L1_Nucleo/core/src/vl53l1_register_funcs.o
                0x0800a674                VL53L1_get_nvm_copy_data
 .text.VL53L1_poll_for_boot_completion
                0x0800a6ca       0x58 ./Drivers/VL53L1_Nucleo/core/src/vl53l1_wait.o
                0x0800a6ca                VL53L1_poll_for_boot_completion
 .text._I2CWrite
                0x0800a722       0x3e ./Drivers/VL53L1_Nucleo/platform/src/vl53l1_platform.o
                0x0800a722                _I2CWrite
 .text._I2CRead
                0x0800a760       0x44 ./Drivers/VL53L1_Nucleo/platform/src/vl53l1_platform.o
                0x0800a760                _I2CRead
 .text.VL53L1_WriteMulti
                0x0800a7a4       0x6c ./Drivers/VL53L1_Nucleo/platform/src/vl53l1_platform.o
                0x0800a7a4                VL53L1_WriteMulti
 .text.VL53L1_ReadMulti
                0x0800a810       0x6c ./Drivers/VL53L1_Nucleo/platform/src/vl53l1_platform.o
                0x0800a810                VL53L1_ReadMulti
 .text.VL53L1_WrByte
                0x0800a87c       0x54 ./Drivers/VL53L1_Nucleo/platform/src/vl53l1_platform.o
                0x0800a87c                VL53L1_WrByte
 .text.VL53L1_RdByte
                0x0800a8d0       0x68 ./Drivers/VL53L1_Nucleo/platform/src/vl53l1_platform.o
                0x0800a8d0                VL53L1_RdByte
 .text.VL53L1_RdWord
                0x0800a938       0x7c ./Drivers/VL53L1_Nucleo/platform/src/vl53l1_platform.o
                0x0800a938                VL53L1_RdWord
 .text.VL53L1_GetTickCount
                0x0800a9b4       0x22 ./Drivers/VL53L1_Nucleo/platform/src/vl53l1_platform.o
                0x0800a9b4                VL53L1_GetTickCount
 .text.VL53L1_WaitMs
                0x0800a9d6       0x1c ./Drivers/VL53L1_Nucleo/platform/src/vl53l1_platform.o
                0x0800a9d6                VL53L1_WaitMs
 *fill*         0x0800a9f2        0x2 
 .text.VL53L1_WaitUs
                0x0800a9f4       0x2c ./Drivers/VL53L1_Nucleo/platform/src/vl53l1_platform.o
                0x0800a9f4                VL53L1_WaitUs
 .text.VL53L1_WaitValueMaskEx
                0x0800aa20      0x154 ./Drivers/VL53L1_Nucleo/platform/src/vl53l1_platform.o
                0x0800aa20                VL53L1_WaitValueMaskEx
 .text.memset   0x0800ab74       0x10 C:/ST/STM32CubeIDE_1.18.0/STM32CubeIDE/plugins/com.st.stm32cube.ide.mcu.externaltools.gnu-tools-for-stm32.13.3.rel1.win32_1.0.0.202411081344/tools/bin/../lib/gcc/arm-none-eabi/13.3.1/../../../../arm-none-eabi/lib/thumb/v7e-m+fp/hard\libc_nano.a(libc_a-memset.o)
                0x0800ab74                memset
 .text.strncpy  0x0800ab84       0x26 C:/ST/STM32CubeIDE_1.18.0/STM32CubeIDE/plugins/com.st.stm32cube.ide.mcu.externaltools.gnu-tools-for-stm32.13.3.rel1.win32_1.0.0.202411081344/tools/bin/../lib/gcc/arm-none-eabi/13.3.1/../../../../arm-none-eabi/lib/thumb/v7e-m+fp/hard\libc_nano.a(libc_a-strncpy.o)
                0x0800ab84                strncpy
 *fill*         0x0800abaa        0x2 
 .text.__libc_init_array
                0x0800abac       0x48 C:/ST/STM32CubeIDE_1.18.0/STM32CubeIDE/plugins/com.st.stm32cube.ide.mcu.externaltools.gnu-tools-for-stm32.13.3.rel1.win32_1.0.0.202411081344/tools/bin/../lib/gcc/arm-none-eabi/13.3.1/../../../../arm-none-eabi/lib/thumb/v7e-m+fp/hard\libc_nano.a(libc_a-init.o)
                0x0800abac                __libc_init_array
 .text.memcpy   0x0800abf4       0x1c C:/ST/STM32CubeIDE_1.18.0/STM32CubeIDE/plugins/com.st.stm32cube.ide.mcu.externaltools.gnu-tools-for-stm32.13.3.rel1.win32_1.0.0.202411081344/tools/bin/../lib/gcc/arm-none-eabi/13.3.1/../../../../arm-none-eabi/lib/thumb/v7e-m+fp/hard\libc_nano.a(libc_a-memcpy-stub.o)
                0x0800abf4                memcpy
 *(.glue_7)
 .glue_7        0x0800ac10        0x0 linker stubs
 *(.glue_7t)
 .glue_7t       0x0800ac10        0x0 linker stubs
 *(.eh_frame)
 .eh_frame      0x0800ac10        0x0 C:/ST/STM32CubeIDE_1.18.0/STM32CubeIDE/plugins/com.st.stm32cube.ide.mcu.externaltools.gnu-tools-for-stm32.13.3.rel1.win32_1.0.0.202411081344/tools/bin/../lib/gcc/arm-none-eabi/13.3.1/thumb/v7e-m+fp/hard/crtbegin.o
 *(.init)
 .init          0x0800ac10        0x4 C:/ST/STM32CubeIDE_1.18.0/STM32CubeIDE/plugins/com.st.stm32cube.ide.mcu.externaltools.gnu-tools-for-stm32.13.3.rel1.win32_1.0.0.202411081344/tools/bin/../lib/gcc/arm-none-eabi/13.3.1/thumb/v7e-m+fp/hard/crti.o
                0x0800ac10                _init
 .init          0x0800ac14        0x8 C:/ST/STM32CubeIDE_1.18.0/STM32CubeIDE/plugins/com.st.stm32cube.ide.mcu.externaltools.gnu-tools-for-stm32.13.3.rel1.win32_1.0.0.202411081344/tools/bin/../lib/gcc/arm-none-eabi/13.3.1/thumb/v7e-m+fp/hard/crtn.o
 *(.fini)
 .fini          0x0800ac1c        0x4 C:/ST/STM32CubeIDE_1.18.0/STM32CubeIDE/plugins/com.st.stm32cube.ide.mcu.externaltools.gnu-tools-for-stm32.13.3.rel1.win32_1.0.0.202411081344/tools/bin/../lib/gcc/arm-none-eabi/13.3.1/thumb/v7e-m+fp/hard/crti.o
                0x0800ac1c                _fini
 .fini          0x0800ac20        0x8 C:/ST/STM32CubeIDE_1.18.0/STM32CubeIDE/plugins/com.st.stm32cube.ide.mcu.externaltools.gnu-tools-for-stm32.13.3.rel1.win32_1.0.0.202411081344/tools/bin/../lib/gcc/arm-none-eabi/13.3.1/thumb/v7e-m+fp/hard/crtn.o
                0x0800ac28                        . = ALIGN (0x4)
                0x0800ac28                        _etext = .

.vfp11_veneer   0x0800ac28        0x0
 .vfp11_veneer  0x0800ac28        0x0 linker stubs

.v4_bx          0x0800ac28        0x0
 .v4_bx         0x0800ac28        0x0 linker stubs

.iplt           0x0800ac28        0x0
 .iplt          0x0800ac28        0x0 C:/ST/STM32CubeIDE_1.18.0/STM32CubeIDE/plugins/com.st.stm32cube.ide.mcu.externaltools.gnu-tools-for-stm32.13.3.rel1.win32_1.0.0.202411081344/tools/bin/../lib/gcc/arm-none-eabi/13.3.1/thumb/v7e-m+fp/hard/crtbegin.o

.rodata         0x0800ac28       0x84
                0x0800ac28                        . = ALIGN (0x4)
 *(.rodata)
 .rodata        0x0800ac28       0x37 ./Drivers/VL53L1_Nucleo/core/src/vl53l1_api.o
 *fill*         0x0800ac5f        0x1 
 .rodata        0x0800ac60        0x1 ./Drivers/VL53L1_Nucleo/platform/src/vl53l1_platform.o
 *(.rodata*)
 *fill*         0x0800ac61        0x3 
 .rodata.AHBPrescTable
                0x0800ac64       0x10 ./Core/Src/system_stm32l4xx.o
                0x0800ac64                AHBPrescTable
 .rodata.APBPrescTable
                0x0800ac74        0x8 ./Core/Src/system_stm32l4xx.o
                0x0800ac74                APBPrescTable
 .rodata.MSIRangeTable
                0x0800ac7c       0x30 ./Core/Src/system_stm32l4xx.o
                0x0800ac7c                MSIRangeTable
                0x0800acac                        . = ALIGN (0x4)

.ARM.extab      0x0800acac        0x0
                0x0800acac                        . = ALIGN (0x4)
 *(.ARM.extab* .gnu.linkonce.armextab.*)
                0x0800acac                        . = ALIGN (0x4)

.ARM            0x0800acac        0x8
                0x0800acac                        . = ALIGN (0x4)
                0x0800acac                        __exidx_start = .
 *(.ARM.exidx*)
 .ARM.exidx     0x0800acac        0x8 C:/ST/STM32CubeIDE_1.18.0/STM32CubeIDE/plugins/com.st.stm32cube.ide.mcu.externaltools.gnu-tools-for-stm32.13.3.rel1.win32_1.0.0.202411081344/tools/bin/../lib/gcc/arm-none-eabi/13.3.1/thumb/v7e-m+fp/hard\libgcc.a(_udivmoddi4.o)
                0x0800acb4                        __exidx_end = .
                0x0800acb4                        . = ALIGN (0x4)

.preinit_array  0x0800acb4        0x0
                0x0800acb4                        . = ALIGN (0x4)
                0x0800acb4                        PROVIDE (__preinit_array_start = .)
 *(.preinit_array*)
                0x0800acb4                        PROVIDE (__preinit_array_end = .)
                0x0800acb4                        . = ALIGN (0x4)

.init_array     0x0800acb4        0x4
                0x0800acb4                        . = ALIGN (0x4)
                0x0800acb4                        PROVIDE (__init_array_start = .)
 *(SORT_BY_NAME(.init_array.*))
 *(.init_array*)
 .init_array    0x0800acb4        0x4 C:/ST/STM32CubeIDE_1.18.0/STM32CubeIDE/plugins/com.st.stm32cube.ide.mcu.externaltools.gnu-tools-for-stm32.13.3.rel1.win32_1.0.0.202411081344/tools/bin/../lib/gcc/arm-none-eabi/13.3.1/thumb/v7e-m+fp/hard/crtbegin.o
                0x0800acb8                        PROVIDE (__init_array_end = .)
                0x0800acb8                        . = ALIGN (0x4)

.fini_array     0x0800acb8        0x4
                0x0800acb8                        . = ALIGN (0x4)
                [!provide]                        PROVIDE (__fini_array_start = .)
 *(SORT_BY_NAME(.fini_array.*))
 *(.fini_array*)
 .fini_array    0x0800acb8        0x4 C:/ST/STM32CubeIDE_1.18.0/STM32CubeIDE/plugins/com.st.stm32cube.ide.mcu.externaltools.gnu-tools-for-stm32.13.3.rel1.win32_1.0.0.202411081344/tools/bin/../lib/gcc/arm-none-eabi/13.3.1/thumb/v7e-m+fp/hard/crtbegin.o
                [!provide]                        PROVIDE (__fini_array_end = .)
                0x0800acbc                        . = ALIGN (0x4)
                0x0800acbc                        _sidata = LOADADDR (.data)

.rel.dyn        0x0800acbc        0x0
 .rel.iplt      0x0800acbc        0x0 C:/ST/STM32CubeIDE_1.18.0/STM32CubeIDE/plugins/com.st.stm32cube.ide.mcu.externaltools.gnu-tools-for-stm32.13.3.rel1.win32_1.0.0.202411081344/tools/bin/../lib/gcc/arm-none-eabi/13.3.1/thumb/v7e-m+fp/hard/crtbegin.o

.data           0x20000000       0x3c load address 0x0800acbc
                0x20000000                        . = ALIGN (0x4)
                0x20000000                        _sdata = .
 *(.data)
 *(.data*)
 .data.SystemCoreClock
                0x20000000        0x4 ./Core/Src/system_stm32l4xx.o
                0x20000000                SystemCoreClock
 .data.uwTickPrio
                0x20000004        0x4 ./Drivers/STM32L4xx_HAL_Driver/Src/stm32l4xx_hal.o
                0x20000004                uwTickPrio
 .data.uwTickFreq
                0x20000008        0x1 ./Drivers/STM32L4xx_HAL_Driver/Src/stm32l4xx_hal.o
                0x20000008                uwTickFreq
 *fill*         0x20000009        0x3 
 .data.BDTable  0x2000000c       0x30 ./Drivers/VL53L1_Nucleo/core/src/vl53l1_api.o
 *(.RamFunc)
 *(.RamFunc*)
                0x2000003c                        . = ALIGN (0x4)
                0x2000003c                        _edata = .

.igot.plt       0x2000003c        0x0 load address 0x0800acf8
 .igot.plt      0x2000003c        0x0 C:/ST/STM32CubeIDE_1.18.0/STM32CubeIDE/plugins/com.st.stm32cube.ide.mcu.externaltools.gnu-tools-for-stm32.13.3.rel1.win32_1.0.0.202411081344/tools/bin/../lib/gcc/arm-none-eabi/13.3.1/thumb/v7e-m+fp/hard/crtbegin.o
                0x2000003c                        . = ALIGN (0x4)

.bss            0x2000003c      0x9e0 load address 0x0800acf8
                0x2000003c                        _sbss = .
                0x2000003c                        __bss_start__ = _sbss
 *(.bss)
 .bss           0x2000003c       0x1c C:/ST/STM32CubeIDE_1.18.0/STM32CubeIDE/plugins/com.st.stm32cube.ide.mcu.externaltools.gnu-tools-for-stm32.13.3.rel1.win32_1.0.0.202411081344/tools/bin/../lib/gcc/arm-none-eabi/13.3.1/thumb/v7e-m+fp/hard/crtbegin.o
 *(.bss*)
 .bss.devLeft   0x20000058      0x3a4 ./Core/Src/main.o
                0x20000058                devLeft
 .bss.devRight  0x200003fc      0x3a4 ./Core/Src/main.o
                0x200003fc                devRight
 .bss.Dev       0x200007a0        0x4 ./Core/Src/main.o
                0x200007a0                Dev
 .bss.txData    0x200007a4        0x4 ./Core/Src/main.o
                0x200007a4                txData
 .bss.hcan1     0x200007a8       0x28 ./Core/Src/main.o
                0x200007a8                hcan1
 .bss.hi2c1     0x200007d0       0x54 ./Core/Src/main.o
                0x200007d0                hi2c1
 .bss.htim7     0x20000824       0x4c ./Core/Src/main.o
                0x20000824                htim7
 .bss.huart2    0x20000870       0x88 ./Core/Src/main.o
                0x20000870                huart2
 .bss.TxHeader  0x200008f8       0x18 ./Core/Src/main.o
                0x200008f8                TxHeader
 .bss.value1    0x20000910        0x2 ./Core/Src/main.o
                0x20000910                value1
 .bss.value2    0x20000912        0x2 ./Core/Src/main.o
                0x20000912                value2
 .bss.TxMailbox
                0x20000914        0x4 ./Core/Src/main.o
                0x20000914                TxMailbox
 .bss.uwTick    0x20000918        0x4 ./Drivers/STM32L4xx_HAL_Driver/Src/stm32l4xx_hal.o
                0x20000918                uwTick
 .bss._I2CBuffer
                0x2000091c      0x100 ./Drivers/VL53L1_Nucleo/platform/src/vl53l1_platform.o
                0x2000091c                _I2CBuffer
 *(COMMON)
                0x20000a1c                        . = ALIGN (0x4)
                0x20000a1c                        _ebss = .
                0x20000a1c                        __bss_end__ = _ebss

._user_heap_stack
                0x20000a1c      0x604 load address 0x0800acf8
                0x20000a20                        . = ALIGN (0x8)
 *fill*         0x20000a1c        0x4 
                [!provide]                        PROVIDE (end = .)
                0x20000a20                        PROVIDE (_end = .)
                0x20000c20                        . = (. + _Min_Heap_Size)
 *fill*         0x20000a20      0x200 
                0x20001020                        . = (. + _Min_Stack_Size)
 *fill*         0x20000c20      0x400 
                0x20001020                        . = ALIGN (0x8)

/DISCARD/
 libc.a(*)
 libm.a(*)
 libgcc.a(*)

.ARM.attributes
                0x00000000       0x30
 *(.ARM.attributes)
 .ARM.attributes
                0x00000000       0x22 C:/ST/STM32CubeIDE_1.18.0/STM32CubeIDE/plugins/com.st.stm32cube.ide.mcu.externaltools.gnu-tools-for-stm32.13.3.rel1.win32_1.0.0.202411081344/tools/bin/../lib/gcc/arm-none-eabi/13.3.1/thumb/v7e-m+fp/hard/crti.o
 .ARM.attributes
                0x00000022       0x34 C:/ST/STM32CubeIDE_1.18.0/STM32CubeIDE/plugins/com.st.stm32cube.ide.mcu.externaltools.gnu-tools-for-stm32.13.3.rel1.win32_1.0.0.202411081344/tools/bin/../lib/gcc/arm-none-eabi/13.3.1/thumb/v7e-m+fp/hard/crtbegin.o
 .ARM.attributes
                0x00000056       0x34 ./Core/Src/main.o
 .ARM.attributes
                0x0000008a       0x34 ./Core/Src/stm32l4xx_hal_msp.o
 .ARM.attributes
                0x000000be       0x34 ./Core/Src/stm32l4xx_it.o
 .ARM.attributes
                0x000000f2       0x34 ./Core/Src/system_stm32l4xx.o
 .ARM.attributes
                0x00000126       0x21 ./Core/Startup/startup_stm32l476rgtx.o
 .ARM.attributes
                0x00000147       0x34 ./Drivers/STM32L4xx_HAL_Driver/Src/stm32l4xx_hal.o
 .ARM.attributes
                0x0000017b       0x34 ./Drivers/STM32L4xx_HAL_Driver/Src/stm32l4xx_hal_can.o
 .ARM.attributes
                0x000001af       0x34 ./Drivers/STM32L4xx_HAL_Driver/Src/stm32l4xx_hal_cortex.o
 .ARM.attributes
                0x000001e3       0x34 ./Drivers/STM32L4xx_HAL_Driver/Src/stm32l4xx_hal_gpio.o
 .ARM.attributes
                0x00000217       0x34 ./Drivers/STM32L4xx_HAL_Driver/Src/stm32l4xx_hal_i2c.o
 .ARM.attributes
                0x0000024b       0x34 ./Drivers/STM32L4xx_HAL_Driver/Src/stm32l4xx_hal_i2c_ex.o
 .ARM.attributes
                0x0000027f       0x34 ./Drivers/STM32L4xx_HAL_Driver/Src/stm32l4xx_hal_pwr_ex.o
 .ARM.attributes
                0x000002b3       0x34 ./Drivers/STM32L4xx_HAL_Driver/Src/stm32l4xx_hal_rcc.o
 .ARM.attributes
                0x000002e7       0x34 ./Drivers/STM32L4xx_HAL_Driver/Src/stm32l4xx_hal_rcc_ex.o
 .ARM.attributes
                0x0000031b       0x34 ./Drivers/STM32L4xx_HAL_Driver/Src/stm32l4xx_hal_tim.o
 .ARM.attributes
                0x0000034f       0x34 ./Drivers/STM32L4xx_HAL_Driver/Src/stm32l4xx_hal_tim_ex.o
 .ARM.attributes
                0x00000383       0x34 ./Drivers/STM32L4xx_HAL_Driver/Src/stm32l4xx_hal_uart.o
 .ARM.attributes
                0x000003b7       0x34 ./Drivers/VL53L1_Nucleo/core/src/vl53l1_api.o
 .ARM.attributes
                0x000003eb       0x34 ./Drivers/VL53L1_Nucleo/core/src/vl53l1_api_core.o
 .ARM.attributes
                0x0000041f       0x34 ./Drivers/VL53L1_Nucleo/core/src/vl53l1_api_preset_modes.o
 .ARM.attributes
                0x00000453       0x34 ./Drivers/VL53L1_Nucleo/core/src/vl53l1_core.o
 .ARM.attributes
                0x00000487       0x34 ./Drivers/VL53L1_Nucleo/core/src/vl53l1_core_support.o
 .ARM.attributes
                0x000004bb       0x34 ./Drivers/VL53L1_Nucleo/core/src/vl53l1_register_funcs.o
 .ARM.attributes
                0x000004ef       0x34 ./Drivers/VL53L1_Nucleo/core/src/vl53l1_wait.o
 .ARM.attributes
                0x00000523       0x34 ./Drivers/VL53L1_Nucleo/platform/src/vl53l1_platform.o
 .ARM.attributes
                0x00000557       0x34 C:/ST/STM32CubeIDE_1.18.0/STM32CubeIDE/plugins/com.st.stm32cube.ide.mcu.externaltools.gnu-tools-for-stm32.13.3.rel1.win32_1.0.0.202411081344/tools/bin/../lib/gcc/arm-none-eabi/13.3.1/../../../../arm-none-eabi/lib/thumb/v7e-m+fp/hard\libc_nano.a(libc_a-memset.o)
 .ARM.attributes
                0x0000058b       0x34 C:/ST/STM32CubeIDE_1.18.0/STM32CubeIDE/plugins/com.st.stm32cube.ide.mcu.externaltools.gnu-tools-for-stm32.13.3.rel1.win32_1.0.0.202411081344/tools/bin/../lib/gcc/arm-none-eabi/13.3.1/../../../../arm-none-eabi/lib/thumb/v7e-m+fp/hard\libc_nano.a(libc_a-strncpy.o)
 .ARM.attributes
                0x000005bf       0x34 C:/ST/STM32CubeIDE_1.18.0/STM32CubeIDE/plugins/com.st.stm32cube.ide.mcu.externaltools.gnu-tools-for-stm32.13.3.rel1.win32_1.0.0.202411081344/tools/bin/../lib/gcc/arm-none-eabi/13.3.1/../../../../arm-none-eabi/lib/thumb/v7e-m+fp/hard\libc_nano.a(libc_a-init.o)
 .ARM.attributes
                0x000005f3       0x34 C:/ST/STM32CubeIDE_1.18.0/STM32CubeIDE/plugins/com.st.stm32cube.ide.mcu.externaltools.gnu-tools-for-stm32.13.3.rel1.win32_1.0.0.202411081344/tools/bin/../lib/gcc/arm-none-eabi/13.3.1/../../../../arm-none-eabi/lib/thumb/v7e-m+fp/hard\libc_nano.a(libc_a-memcpy-stub.o)
 .ARM.attributes
                0x00000627       0x22 C:/ST/STM32CubeIDE_1.18.0/STM32CubeIDE/plugins/com.st.stm32cube.ide.mcu.externaltools.gnu-tools-for-stm32.13.3.rel1.win32_1.0.0.202411081344/tools/bin/../lib/gcc/arm-none-eabi/13.3.1/thumb/v7e-m+fp/hard\libgcc.a(_aeabi_uldivmod.o)
 .ARM.attributes
                0x00000649       0x34 C:/ST/STM32CubeIDE_1.18.0/STM32CubeIDE/plugins/com.st.stm32cube.ide.mcu.externaltools.gnu-tools-for-stm32.13.3.rel1.win32_1.0.0.202411081344/tools/bin/../lib/gcc/arm-none-eabi/13.3.1/thumb/v7e-m+fp/hard\libgcc.a(_udivmoddi4.o)
 .ARM.attributes
                0x0000067d       0x22 C:/ST/STM32CubeIDE_1.18.0/STM32CubeIDE/plugins/com.st.stm32cube.ide.mcu.externaltools.gnu-tools-for-stm32.13.3.rel1.win32_1.0.0.202411081344/tools/bin/../lib/gcc/arm-none-eabi/13.3.1/thumb/v7e-m+fp/hard\libgcc.a(_dvmd_tls.o)
 .ARM.attributes
                0x0000069f       0x22 C:/ST/STM32CubeIDE_1.18.0/STM32CubeIDE/plugins/com.st.stm32cube.ide.mcu.externaltools.gnu-tools-for-stm32.13.3.rel1.win32_1.0.0.202411081344/tools/bin/../lib/gcc/arm-none-eabi/13.3.1/thumb/v7e-m+fp/hard/crtn.o
OUTPUT(PE2.elf elf32-littlearm)
LOAD linker stubs
LOAD C:/ST/STM32CubeIDE_1.18.0/STM32CubeIDE/plugins/com.st.stm32cube.ide.mcu.externaltools.gnu-tools-for-stm32.13.3.rel1.win32_1.0.0.202411081344/tools/bin/../lib/gcc/arm-none-eabi/13.3.1/../../../../arm-none-eabi/lib/thumb/v7e-m+fp/hard\libc.a
LOAD C:/ST/STM32CubeIDE_1.18.0/STM32CubeIDE/plugins/com.st.stm32cube.ide.mcu.externaltools.gnu-tools-for-stm32.13.3.rel1.win32_1.0.0.202411081344/tools/bin/../lib/gcc/arm-none-eabi/13.3.1/../../../../arm-none-eabi/lib/thumb/v7e-m+fp/hard\libm.a
LOAD C:/ST/STM32CubeIDE_1.18.0/STM32CubeIDE/plugins/com.st.stm32cube.ide.mcu.externaltools.gnu-tools-for-stm32.13.3.rel1.win32_1.0.0.202411081344/tools/bin/../lib/gcc/arm-none-eabi/13.3.1/thumb/v7e-m+fp/hard\libgcc.a

.debug_info     0x00000000    0x2c225
 .debug_info    0x00000000     0x3f71 ./Core/Src/main.o
 .debug_info    0x00003f71     0x1b62 ./Core/Src/stm32l4xx_hal_msp.o
 .debug_info    0x00005ad3      0xb63 ./Core/Src/stm32l4xx_it.o
 .debug_info    0x00006636      0x5b1 ./Core/Src/system_stm32l4xx.o
 .debug_info    0x00006be7       0x30 ./Core/Startup/startup_stm32l476rgtx.o
 .debug_info    0x00006c17      0xc09 ./Drivers/STM32L4xx_HAL_Driver/Src/stm32l4xx_hal.o
 .debug_info    0x00007820      0xf49 ./Drivers/STM32L4xx_HAL_Driver/Src/stm32l4xx_hal_can.o
 .debug_info    0x00008769      0xd81 ./Drivers/STM32L4xx_HAL_Driver/Src/stm32l4xx_hal_cortex.o
 .debug_info    0x000094ea      0x757 ./Drivers/STM32L4xx_HAL_Driver/Src/stm32l4xx_hal_gpio.o
 .debug_info    0x00009c41     0x20d2 ./Drivers/STM32L4xx_HAL_Driver/Src/stm32l4xx_hal_i2c.o
 .debug_info    0x0000bd13      0x975 ./Drivers/STM32L4xx_HAL_Driver/Src/stm32l4xx_hal_i2c_ex.o
 .debug_info    0x0000c688      0x99e ./Drivers/STM32L4xx_HAL_Driver/Src/stm32l4xx_hal_pwr_ex.o
 .debug_info    0x0000d026      0xc14 ./Drivers/STM32L4xx_HAL_Driver/Src/stm32l4xx_hal_rcc.o
 .debug_info    0x0000dc3a      0xe11 ./Drivers/STM32L4xx_HAL_Driver/Src/stm32l4xx_hal_rcc_ex.o
 .debug_info    0x0000ea4b     0x2a9a ./Drivers/STM32L4xx_HAL_Driver/Src/stm32l4xx_hal_tim.o
 .debug_info    0x000114e5     0x169e ./Drivers/STM32L4xx_HAL_Driver/Src/stm32l4xx_hal_tim_ex.o
 .debug_info    0x00012b83     0x3b69 ./Drivers/STM32L4xx_HAL_Driver/Src/stm32l4xx_hal_uart.o
 .debug_info    0x000166ec     0x4ca7 ./Drivers/VL53L1_Nucleo/core/src/vl53l1_api.o
 .debug_info    0x0001b393     0x41f9 ./Drivers/VL53L1_Nucleo/core/src/vl53l1_api_core.o
 .debug_info    0x0001f58c     0x1426 ./Drivers/VL53L1_Nucleo/core/src/vl53l1_api_preset_modes.o
 .debug_info    0x000209b2     0x3927 ./Drivers/VL53L1_Nucleo/core/src/vl53l1_core.o
 .debug_info    0x000242d9      0x182 ./Drivers/VL53L1_Nucleo/core/src/vl53l1_core_support.o
 .debug_info    0x0002445b     0x2c95 ./Drivers/VL53L1_Nucleo/core/src/vl53l1_register_funcs.o
 .debug_info    0x000270f0     0x274d ./Drivers/VL53L1_Nucleo/core/src/vl53l1_wait.o
 .debug_info    0x0002983d     0x29e8 ./Drivers/VL53L1_Nucleo/platform/src/vl53l1_platform.o

.debug_abbrev   0x00000000     0x3837
 .debug_abbrev  0x00000000      0x347 ./Core/Src/main.o
 .debug_abbrev  0x00000347      0x26d ./Core/Src/stm32l4xx_hal_msp.o
 .debug_abbrev  0x000005b4      0x1f5 ./Core/Src/stm32l4xx_it.o
 .debug_abbrev  0x000007a9      0x11a ./Core/Src/system_stm32l4xx.o
 .debug_abbrev  0x000008c3       0x24 ./Core/Startup/startup_stm32l476rgtx.o
 .debug_abbrev  0x000008e7      0x243 ./Drivers/STM32L4xx_HAL_Driver/Src/stm32l4xx_hal.o
 .debug_abbrev  0x00000b2a      0x26a ./Drivers/STM32L4xx_HAL_Driver/Src/stm32l4xx_hal_can.o
 .debug_abbrev  0x00000d94      0x31c ./Drivers/STM32L4xx_HAL_Driver/Src/stm32l4xx_hal_cortex.o
 .debug_abbrev  0x000010b0      0x1cb ./Drivers/STM32L4xx_HAL_Driver/Src/stm32l4xx_hal_gpio.o
 .debug_abbrev  0x0000127b      0x261 ./Drivers/STM32L4xx_HAL_Driver/Src/stm32l4xx_hal_i2c.o
 .debug_abbrev  0x000014dc      0x1c3 ./Drivers/STM32L4xx_HAL_Driver/Src/stm32l4xx_hal_i2c_ex.o
 .debug_abbrev  0x0000169f      0x1f9 ./Drivers/STM32L4xx_HAL_Driver/Src/stm32l4xx_hal_pwr_ex.o
 .debug_abbrev  0x00001898      0x2cb ./Drivers/STM32L4xx_HAL_Driver/Src/stm32l4xx_hal_rcc.o
 .debug_abbrev  0x00001b63      0x2a6 ./Drivers/STM32L4xx_HAL_Driver/Src/stm32l4xx_hal_rcc_ex.o
 .debug_abbrev  0x00001e09      0x278 ./Drivers/STM32L4xx_HAL_Driver/Src/stm32l4xx_hal_tim.o
 .debug_abbrev  0x00002081      0x283 ./Drivers/STM32L4xx_HAL_Driver/Src/stm32l4xx_hal_tim_ex.o
 .debug_abbrev  0x00002304      0x2d0 ./Drivers/STM32L4xx_HAL_Driver/Src/stm32l4xx_hal_uart.o
 .debug_abbrev  0x000025d4      0x317 ./Drivers/VL53L1_Nucleo/core/src/vl53l1_api.o
 .debug_abbrev  0x000028eb      0x2a7 ./Drivers/VL53L1_Nucleo/core/src/vl53l1_api_core.o
 .debug_abbrev  0x00002b92      0x179 ./Drivers/VL53L1_Nucleo/core/src/vl53l1_api_preset_modes.o
 .debug_abbrev  0x00002d0b      0x2ce ./Drivers/VL53L1_Nucleo/core/src/vl53l1_core.o
 .debug_abbrev  0x00002fd9       0xdc ./Drivers/VL53L1_Nucleo/core/src/vl53l1_core_support.o
 .debug_abbrev  0x000030b5      0x27f ./Drivers/VL53L1_Nucleo/core/src/vl53l1_register_funcs.o
 .debug_abbrev  0x00003334      0x24f ./Drivers/VL53L1_Nucleo/core/src/vl53l1_wait.o
 .debug_abbrev  0x00003583      0x2b4 ./Drivers/VL53L1_Nucleo/platform/src/vl53l1_platform.o

.debug_aranges  0x00000000     0x1b70
 .debug_aranges
                0x00000000       0x80 ./Core/Src/main.o
 .debug_aranges
                0x00000080       0x60 ./Core/Src/stm32l4xx_hal_msp.o
 .debug_aranges
                0x000000e0       0x90 ./Core/Src/stm32l4xx_it.o
 .debug_aranges
                0x00000170       0x28 ./Core/Src/system_stm32l4xx.o
 .debug_aranges
                0x00000198       0x28 ./Core/Startup/startup_stm32l476rgtx.o
 .debug_aranges
                0x000001c0      0x130 ./Drivers/STM32L4xx_HAL_Driver/Src/stm32l4xx_hal.o
 .debug_aranges
                0x000002f0      0x138 ./Drivers/STM32L4xx_HAL_Driver/Src/stm32l4xx_hal_can.o
 .debug_aranges
                0x00000428      0x128 ./Drivers/STM32L4xx_HAL_Driver/Src/stm32l4xx_hal_cortex.o
 .debug_aranges
                0x00000550       0x58 ./Drivers/STM32L4xx_HAL_Driver/Src/stm32l4xx_hal_gpio.o
 .debug_aranges
                0x000005a8      0x2a0 ./Drivers/STM32L4xx_HAL_Driver/Src/stm32l4xx_hal_i2c.o
 .debug_aranges
                0x00000848       0x48 ./Drivers/STM32L4xx_HAL_Driver/Src/stm32l4xx_hal_i2c_ex.o
 .debug_aranges
                0x00000890      0x160 ./Drivers/STM32L4xx_HAL_Driver/Src/stm32l4xx_hal_pwr_ex.o
 .debug_aranges
                0x000009f0       0x90 ./Drivers/STM32L4xx_HAL_Driver/Src/stm32l4xx_hal_rcc.o
 .debug_aranges
                0x00000a80       0xc0 ./Drivers/STM32L4xx_HAL_Driver/Src/stm32l4xx_hal_rcc_ex.o
 .debug_aranges
                0x00000b40      0x3e0 ./Drivers/STM32L4xx_HAL_Driver/Src/stm32l4xx_hal_tim.o
 .debug_aranges
                0x00000f20      0x180 ./Drivers/STM32L4xx_HAL_Driver/Src/stm32l4xx_hal_tim_ex.o
 .debug_aranges
                0x000010a0      0x228 ./Drivers/STM32L4xx_HAL_Driver/Src/stm32l4xx_hal_uart.o
 .debug_aranges
                0x000012c8      0x250 ./Drivers/VL53L1_Nucleo/core/src/vl53l1_api.o
 .debug_aranges
                0x00001518      0x1c0 ./Drivers/VL53L1_Nucleo/core/src/vl53l1_api_core.o
 .debug_aranges
                0x000016d8       0xa8 ./Drivers/VL53L1_Nucleo/core/src/vl53l1_api_preset_modes.o
 .debug_aranges
                0x00001780      0x1e0 ./Drivers/VL53L1_Nucleo/core/src/vl53l1_core.o
 .debug_aranges
                0x00001960       0x30 ./Drivers/VL53L1_Nucleo/core/src/vl53l1_core_support.o
 .debug_aranges
                0x00001990       0xe0 ./Drivers/VL53L1_Nucleo/core/src/vl53l1_register_funcs.o
 .debug_aranges
                0x00001a70       0x68 ./Drivers/VL53L1_Nucleo/core/src/vl53l1_wait.o
 .debug_aranges
                0x00001ad8       0x98 ./Drivers/VL53L1_Nucleo/platform/src/vl53l1_platform.o

.debug_rnglists
                0x00000000     0x1570
 .debug_rnglists
                0x00000000       0x62 ./Core/Src/main.o
 .debug_rnglists
                0x00000062       0x46 ./Core/Src/stm32l4xx_hal_msp.o
 .debug_rnglists
                0x000000a8       0x67 ./Core/Src/stm32l4xx_it.o
 .debug_rnglists
                0x0000010f       0x1a ./Core/Src/system_stm32l4xx.o
 .debug_rnglists
                0x00000129       0x19 ./Core/Startup/startup_stm32l476rgtx.o
 .debug_rnglists
                0x00000142       0xdf ./Drivers/STM32L4xx_HAL_Driver/Src/stm32l4xx_hal.o
 .debug_rnglists
                0x00000221       0xee ./Drivers/STM32L4xx_HAL_Driver/Src/stm32l4xx_hal_can.o
 .debug_rnglists
                0x0000030f       0xda ./Drivers/STM32L4xx_HAL_Driver/Src/stm32l4xx_hal_cortex.o
 .debug_rnglists
                0x000003e9       0x3f ./Drivers/STM32L4xx_HAL_Driver/Src/stm32l4xx_hal_gpio.o
 .debug_rnglists
                0x00000428      0x228 ./Drivers/STM32L4xx_HAL_Driver/Src/stm32l4xx_hal_i2c.o
 .debug_rnglists
                0x00000650       0x35 ./Drivers/STM32L4xx_HAL_Driver/Src/stm32l4xx_hal_i2c_ex.o
 .debug_rnglists
                0x00000685      0x109 ./Drivers/STM32L4xx_HAL_Driver/Src/stm32l4xx_hal_pwr_ex.o
 .debug_rnglists
                0x0000078e       0x6d ./Drivers/STM32L4xx_HAL_Driver/Src/stm32l4xx_hal_rcc.o
 .debug_rnglists
                0x000007fb       0x95 ./Drivers/STM32L4xx_HAL_Driver/Src/stm32l4xx_hal_rcc_ex.o
 .debug_rnglists
                0x00000890      0x328 ./Drivers/STM32L4xx_HAL_Driver/Src/stm32l4xx_hal_tim.o
 .debug_rnglists
                0x00000bb8      0x139 ./Drivers/STM32L4xx_HAL_Driver/Src/stm32l4xx_hal_tim_ex.o
 .debug_rnglists
                0x00000cf1      0x1db ./Drivers/STM32L4xx_HAL_Driver/Src/stm32l4xx_hal_uart.o
 .debug_rnglists
                0x00000ecc      0x1cf ./Drivers/VL53L1_Nucleo/core/src/vl53l1_api.o
 .debug_rnglists
                0x0000109b      0x15b ./Drivers/VL53L1_Nucleo/core/src/vl53l1_api_core.o
 .debug_rnglists
                0x000011f6       0x7e ./Drivers/VL53L1_Nucleo/core/src/vl53l1_api_preset_modes.o
 .debug_rnglists
                0x00001274      0x172 ./Drivers/VL53L1_Nucleo/core/src/vl53l1_core.o
 .debug_rnglists
                0x000013e6       0x1f ./Drivers/VL53L1_Nucleo/core/src/vl53l1_core_support.o
 .debug_rnglists
                0x00001405       0xb1 ./Drivers/VL53L1_Nucleo/core/src/vl53l1_register_funcs.o
 .debug_rnglists
                0x000014b6       0x4b ./Drivers/VL53L1_Nucleo/core/src/vl53l1_wait.o
 .debug_rnglists
                0x00001501       0x6f ./Drivers/VL53L1_Nucleo/platform/src/vl53l1_platform.o

.debug_macro    0x00000000     0x80ee
 .debug_macro   0x00000000      0x422 ./Core/Src/main.o
 .debug_macro   0x00000422       0x9a ./Core/Src/main.o
 .debug_macro   0x000004bc       0x16 ./Core/Src/main.o
 .debug_macro   0x000004d2       0x16 ./Core/Src/main.o
 .debug_macro   0x000004e8       0x29 ./Core/Src/main.o
 .debug_macro   0x00000511       0x1d ./Core/Src/main.o
 .debug_macro   0x0000052e       0x1c ./Core/Src/main.o
 .debug_macro   0x0000054a       0x10 ./Core/Src/main.o
 .debug_macro   0x0000055a       0x1c ./Core/Src/main.o
 .debug_macro   0x00000576       0x16 ./Core/Src/main.o
 .debug_macro   0x0000058c      0x146 ./Core/Src/main.o
 .debug_macro   0x000006d2      0x120 ./Core/Src/main.o
 .debug_macro   0x000007f2       0x6a ./Core/Src/main.o
 .debug_macro   0x0000085c       0x64 ./Core/Src/main.o
 .debug_macro   0x000008c0      0x5dc ./Core/Src/main.o
 .debug_macro   0x00000e9c     0x2057 ./Core/Src/main.o
 .debug_macro   0x00002ef3      0x100 ./Core/Src/main.o
 .debug_macro   0x00002ff3       0x28 ./Core/Src/main.o
 .debug_macro   0x0000301b       0x93 ./Core/Src/main.o
 .debug_macro   0x000030ae       0x3b ./Core/Src/main.o
 .debug_macro   0x000030e9      0x27a ./Core/Src/main.o
 .debug_macro   0x00003363       0x1c ./Core/Src/main.o
 .debug_macro   0x0000337f       0xd8 ./Core/Src/main.o
 .debug_macro   0x00003457       0x52 ./Core/Src/main.o
 .debug_macro   0x000034a9      0x1f2 ./Core/Src/stm32l4xx_hal_msp.o
 .debug_macro   0x0000369b      0x1fc ./Core/Src/stm32l4xx_it.o
 .debug_macro   0x00003897      0x1e3 ./Core/Src/system_stm32l4xx.o
 .debug_macro   0x00003a7a      0x231 ./Drivers/STM32L4xx_HAL_Driver/Src/stm32l4xx_hal.o
 .debug_macro   0x00003cab      0x1f2 ./Drivers/STM32L4xx_HAL_Driver/Src/stm32l4xx_hal_can.o
 .debug_macro   0x00003e9d      0x1e3 ./Drivers/STM32L4xx_HAL_Driver/Src/stm32l4xx_hal_cortex.o
 .debug_macro   0x00004080      0x1ea ./Drivers/STM32L4xx_HAL_Driver/Src/stm32l4xx_hal_gpio.o
 .debug_macro   0x0000426a      0x2af ./Drivers/STM32L4xx_HAL_Driver/Src/stm32l4xx_hal_i2c.o
 .debug_macro   0x00004519      0x1e3 ./Drivers/STM32L4xx_HAL_Driver/Src/stm32l4xx_hal_i2c_ex.o
 .debug_macro   0x000046fc      0x207 ./Drivers/STM32L4xx_HAL_Driver/Src/stm32l4xx_hal_pwr_ex.o
 .debug_macro   0x00004903      0x225 ./Drivers/STM32L4xx_HAL_Driver/Src/stm32l4xx_hal_rcc.o
 .debug_macro   0x00004b28      0x219 ./Drivers/STM32L4xx_HAL_Driver/Src/stm32l4xx_hal_rcc_ex.o
 .debug_macro   0x00004d41      0x1e4 ./Drivers/STM32L4xx_HAL_Driver/Src/stm32l4xx_hal_tim.o
 .debug_macro   0x00004f25      0x1e3 ./Drivers/STM32L4xx_HAL_Driver/Src/stm32l4xx_hal_tim_ex.o
 .debug_macro   0x00005108      0x20e ./Drivers/STM32L4xx_HAL_Driver/Src/stm32l4xx_hal_uart.o
 .debug_macro   0x00005316      0x4b6 ./Drivers/VL53L1_Nucleo/core/src/vl53l1_api.o
 .debug_macro   0x000057cc       0x56 ./Drivers/VL53L1_Nucleo/core/src/vl53l1_api.o
 .debug_macro   0x00005822      0x18c ./Drivers/VL53L1_Nucleo/core/src/vl53l1_api.o
 .debug_macro   0x000059ae      0x461 ./Drivers/VL53L1_Nucleo/core/src/vl53l1_api_core.o
 .debug_macro   0x00005e0f      0x59b ./Drivers/VL53L1_Nucleo/core/src/vl53l1_api_core.o
 .debug_macro   0x000063aa      0x185 ./Drivers/VL53L1_Nucleo/core/src/vl53l1_api_core.o
 .debug_macro   0x0000652f      0x420 ./Drivers/VL53L1_Nucleo/core/src/vl53l1_api_preset_modes.o
 .debug_macro   0x0000694f      0x434 ./Drivers/VL53L1_Nucleo/core/src/vl53l1_core.o
 .debug_macro   0x00006d83      0x3e4 ./Drivers/VL53L1_Nucleo/core/src/vl53l1_core_support.o
 .debug_macro   0x00007167      0x412 ./Drivers/VL53L1_Nucleo/core/src/vl53l1_register_funcs.o
 .debug_macro   0x00007579      0x41d ./Drivers/VL53L1_Nucleo/core/src/vl53l1_wait.o
 .debug_macro   0x00007996      0x4e6 ./Drivers/VL53L1_Nucleo/platform/src/vl53l1_platform.o
 .debug_macro   0x00007e7c       0x16 ./Drivers/VL53L1_Nucleo/platform/src/vl53l1_platform.o
 .debug_macro   0x00007e92       0xc1 ./Drivers/VL53L1_Nucleo/platform/src/vl53l1_platform.o
 .debug_macro   0x00007f53      0x19b ./Drivers/VL53L1_Nucleo/platform/src/vl53l1_platform.o

.debug_line     0x00000000    0x2379c
 .debug_line    0x00000000     0x130e ./Core/Src/main.o
 .debug_line    0x0000130e      0x8ec ./Core/Src/stm32l4xx_hal_msp.o
 .debug_line    0x00001bfa      0x8d0 ./Core/Src/stm32l4xx_it.o
 .debug_line    0x000024ca      0x82d ./Core/Src/system_stm32l4xx.o
 .debug_line    0x00002cf7       0x7a ./Core/Startup/startup_stm32l476rgtx.o
 .debug_line    0x00002d71      0xb96 ./Drivers/STM32L4xx_HAL_Driver/Src/stm32l4xx_hal.o
 .debug_line    0x00003907     0x123c ./Drivers/STM32L4xx_HAL_Driver/Src/stm32l4xx_hal_can.o
 .debug_line    0x00004b43      0xd30 ./Drivers/STM32L4xx_HAL_Driver/Src/stm32l4xx_hal_cortex.o
 .debug_line    0x00005873      0xbe9 ./Drivers/STM32L4xx_HAL_Driver/Src/stm32l4xx_hal_gpio.o
 .debug_line    0x0000645c     0x3796 ./Drivers/STM32L4xx_HAL_Driver/Src/stm32l4xx_hal_i2c.o
 .debug_line    0x00009bf2      0x8f5 ./Drivers/STM32L4xx_HAL_Driver/Src/stm32l4xx_hal_i2c_ex.o
 .debug_line    0x0000a4e7      0xd77 ./Drivers/STM32L4xx_HAL_Driver/Src/stm32l4xx_hal_pwr_ex.o
 .debug_line    0x0000b25e     0x10ea ./Drivers/STM32L4xx_HAL_Driver/Src/stm32l4xx_hal_rcc.o
 .debug_line    0x0000c348     0x15b7 ./Drivers/STM32L4xx_HAL_Driver/Src/stm32l4xx_hal_rcc_ex.o
 .debug_line    0x0000d8ff     0x3e81 ./Drivers/STM32L4xx_HAL_Driver/Src/stm32l4xx_hal_tim.o
 .debug_line    0x00011780     0x1bd2 ./Drivers/STM32L4xx_HAL_Driver/Src/stm32l4xx_hal_tim_ex.o
 .debug_line    0x00013352     0x2db8 ./Drivers/STM32L4xx_HAL_Driver/Src/stm32l4xx_hal_uart.o
 .debug_line    0x0001610a     0x2685 ./Drivers/VL53L1_Nucleo/core/src/vl53l1_api.o
 .debug_line    0x0001878f     0x24ed ./Drivers/VL53L1_Nucleo/core/src/vl53l1_api_core.o
 .debug_line    0x0001ac7c     0x15c5 ./Drivers/VL53L1_Nucleo/core/src/vl53l1_api_preset_modes.o
 .debug_line    0x0001c241     0x1fc4 ./Drivers/VL53L1_Nucleo/core/src/vl53l1_core.o
 .debug_line    0x0001e205      0xebd ./Drivers/VL53L1_Nucleo/core/src/vl53l1_core_support.o
 .debug_line    0x0001f0c2     0x1d80 ./Drivers/VL53L1_Nucleo/core/src/vl53l1_register_funcs.o
 .debug_line    0x00020e42     0x138b ./Drivers/VL53L1_Nucleo/core/src/vl53l1_wait.o
 .debug_line    0x000221cd     0x15cf ./Drivers/VL53L1_Nucleo/platform/src/vl53l1_platform.o

.debug_str      0x00000000   0x118e37
 .debug_str     0x00000000   0x118e37 ./Core/Src/main.o
                             0x10c234 (size before relaxing)
 .debug_str     0x00118e37    0xef9c4 ./Core/Src/stm32l4xx_hal_msp.o
 .debug_str     0x00118e37    0xeec04 ./Core/Src/stm32l4xx_it.o
 .debug_str     0x00118e37    0xee320 ./Core/Src/system_stm32l4xx.o
 .debug_str     0x00118e37       0x67 ./Core/Startup/startup_stm32l476rgtx.o
 .debug_str     0x00118e37    0xeef1f ./Drivers/STM32L4xx_HAL_Driver/Src/stm32l4xx_hal.o
 .debug_str     0x00118e37    0xee9b6 ./Drivers/STM32L4xx_HAL_Driver/Src/stm32l4xx_hal_can.o
 .debug_str     0x00118e37    0xeeb99 ./Drivers/STM32L4xx_HAL_Driver/Src/stm32l4xx_hal_cortex.o
 .debug_str     0x00118e37    0xee499 ./Drivers/STM32L4xx_HAL_Driver/Src/stm32l4xx_hal_gpio.o
 .debug_str     0x00118e37    0xef521 ./Drivers/STM32L4xx_HAL_Driver/Src/stm32l4xx_hal_i2c.o
 .debug_str     0x00118e37    0xee82d ./Drivers/STM32L4xx_HAL_Driver/Src/stm32l4xx_hal_i2c_ex.o
 .debug_str     0x00118e37    0xee87b ./Drivers/STM32L4xx_HAL_Driver/Src/stm32l4xx_hal_pwr_ex.o
 .debug_str     0x00118e37    0xee966 ./Drivers/STM32L4xx_HAL_Driver/Src/stm32l4xx_hal_rcc.o
 .debug_str     0x00118e37    0xeeadf ./Drivers/STM32L4xx_HAL_Driver/Src/stm32l4xx_hal_rcc_ex.o
 .debug_str     0x00118e37    0xef660 ./Drivers/STM32L4xx_HAL_Driver/Src/stm32l4xx_hal_tim.o
 .debug_str     0x00118e37    0xeef74 ./Drivers/STM32L4xx_HAL_Driver/Src/stm32l4xx_hal_tim_ex.o
 .debug_str     0x00118e37    0xef078 ./Drivers/STM32L4xx_HAL_Driver/Src/stm32l4xx_hal_uart.o
 .debug_str     0x00118e37   0x10cfda ./Drivers/VL53L1_Nucleo/core/src/vl53l1_api.o
 .debug_str     0x00118e37   0x10f42d ./Drivers/VL53L1_Nucleo/core/src/vl53l1_api_core.o
 .debug_str     0x00118e37   0x109ed3 ./Drivers/VL53L1_Nucleo/core/src/vl53l1_api_preset_modes.o
 .debug_str     0x00118e37   0x10c722 ./Drivers/VL53L1_Nucleo/core/src/vl53l1_core.o
 .debug_str     0x00118e37   0x106f16 ./Drivers/VL53L1_Nucleo/core/src/vl53l1_core_support.o
 .debug_str     0x00118e37   0x10a589 ./Drivers/VL53L1_Nucleo/core/src/vl53l1_register_funcs.o
 .debug_str     0x00118e37   0x10acda ./Drivers/VL53L1_Nucleo/core/src/vl53l1_wait.o
 .debug_str     0x00118e37   0x10be65 ./Drivers/VL53L1_Nucleo/platform/src/vl53l1_platform.o

.comment        0x00000000       0x43
 .comment       0x00000000       0x43 ./Core/Src/main.o
                                 0x44 (size before relaxing)
 .comment       0x00000043       0x44 ./Core/Src/stm32l4xx_hal_msp.o
 .comment       0x00000043       0x44 ./Core/Src/stm32l4xx_it.o
 .comment       0x00000043       0x44 ./Core/Src/system_stm32l4xx.o
 .comment       0x00000043       0x44 ./Drivers/STM32L4xx_HAL_Driver/Src/stm32l4xx_hal.o
 .comment       0x00000043       0x44 ./Drivers/STM32L4xx_HAL_Driver/Src/stm32l4xx_hal_can.o
 .comment       0x00000043       0x44 ./Drivers/STM32L4xx_HAL_Driver/Src/stm32l4xx_hal_cortex.o
 .comment       0x00000043       0x44 ./Drivers/STM32L4xx_HAL_Driver/Src/stm32l4xx_hal_gpio.o
 .comment       0x00000043       0x44 ./Drivers/STM32L4xx_HAL_Driver/Src/stm32l4xx_hal_i2c.o
 .comment       0x00000043       0x44 ./Drivers/STM32L4xx_HAL_Driver/Src/stm32l4xx_hal_i2c_ex.o
 .comment       0x00000043       0x44 ./Drivers/STM32L4xx_HAL_Driver/Src/stm32l4xx_hal_pwr_ex.o
 .comment       0x00000043       0x44 ./Drivers/STM32L4xx_HAL_Driver/Src/stm32l4xx_hal_rcc.o
 .comment       0x00000043       0x44 ./Drivers/STM32L4xx_HAL_Driver/Src/stm32l4xx_hal_rcc_ex.o
 .comment       0x00000043       0x44 ./Drivers/STM32L4xx_HAL_Driver/Src/stm32l4xx_hal_tim.o
 .comment       0x00000043       0x44 ./Drivers/STM32L4xx_HAL_Driver/Src/stm32l4xx_hal_tim_ex.o
 .comment       0x00000043       0x44 ./Drivers/STM32L4xx_HAL_Driver/Src/stm32l4xx_hal_uart.o
 .comment       0x00000043       0x44 ./Drivers/VL53L1_Nucleo/core/src/vl53l1_api.o