../Core/Src/main.c:181:5:main	64	static
../Core/Src/main.c:407:6:SystemClock_Config	96	static
../Core/Src/main.c:456:6:HAL_TIM_PWM_PulseFinishedCallback	16	static
../Core/Src/main.c:477:6:HAL_TIM_PeriodElapsedCallback	16	static
../Core/Src/main.c:501:6:HAL_UART_RxCpltCallback	16	static
../Core/Src/main.c:513:6:HAL_GPIO_EXTI_Callback	16	static
../Core/Src/main.c:530:6:HAL_CAN_RxFifo0MsgPendingCallback	16	static
../Core/Src/main.c:549:6:set_leds	48	static
../Core/Src/main.c:594:6:progressive_led_on	8	static
../Core/Src/main.c:643:6:Read_Touch_Group1	8	static
../Core/Src/main.c:663:6:Read_Touch_Group4	8	static
../Core/Src/main.c:682:6:isStableTouch	40	static
../Core/Src/main.c:698:6:poll_PB11	8	static
../Core/Src/main.c:711:6:display_IAQ	24	static
../Core/Src/main.c:749:6:display_temp	8	static
../Core/Src/main.c:764:7:ResetAndInitializeTOF1	40	static
../Core/Src/main.c:803:7:HAL_ADC_ConvCpltCallback	16	static
../Core/Src/main.c:811:10:bonne_sommeil	16	static
../Core/Src/main.c:829:6:Error_Handler	4	static,ignoring_inline_asm
