../Core/Src/sensirion_voc_algorithm.c:68:16:fix16_mul	64	static
../Core/Src/sensirion_voc_algorithm.c:122:16:fix16_div	40	static
../Core/Src/sensirion_voc_algorithm.c:191:16:fix16_sqrt	32	static
../Core/Src/sensirion_voc_algorithm.c:248:16:fix16_exp	32	static
../Core/Src/sensirion_voc_algorithm.c:331:6:VocAlgorithm_init	16	static
../Core/Src/sensirion_voc_algorithm.c:345:13:VocAlgorithm__init_instances	24	static
../Core/Src/sensirion_voc_algorithm.c:362:6:VocAlgorithm_get_states	24	static
../Core/Src/sensirion_voc_algorithm.c:370:6:VocAlgorithm_set_states	24	static
../Core/Src/sensirion_voc_algorithm.c:378:6:VocAlgorithm_set_tuning_parameters	24	static
../Core/Src/sensirion_voc_algorithm.c:392:6:VocAlgorithm_process	32	static
../Core/Src/sensirion_voc_algorithm.c:429:1:VocAlgorithm__mean_variance_estimator__init	16	static
../Core/Src/sensirion_voc_algorithm.c:436:13:VocAlgorithm__mean_variance_estimator___init_instances	16	static
../Core/Src/sensirion_voc_algorithm.c:442:13:VocAlgorithm__mean_variance_estimator__set_parameters	24	static
../Core/Src/sensirion_voc_algorithm.c:473:1:VocAlgorithm__mean_variance_estimator__set_states	24	static
../Core/Src/sensirion_voc_algorithm.c:484:1:VocAlgorithm__mean_variance_estimator__get_std	16	static
../Core/Src/sensirion_voc_algorithm.c:490:1:VocAlgorithm__mean_variance_estimator__get_mean	16	static
../Core/Src/sensirion_voc_algorithm.c:496:13:VocAlgorithm__mean_variance_estimator___calculate_gamma	64	static
../Core/Src/sensirion_voc_algorithm.c:590:13:VocAlgorithm__mean_variance_estimator__process	56	static
../Core/Src/sensirion_voc_algorithm.c:651:13:VocAlgorithm__mean_variance_estimator___sigmoid__init	16	static
../Core/Src/sensirion_voc_algorithm.c:658:13:VocAlgorithm__mean_variance_estimator___sigmoid__set_parameters	24	static
../Core/Src/sensirion_voc_algorithm.c:666:16:VocAlgorithm__mean_variance_estimator___sigmoid__process	32	static
../Core/Src/sensirion_voc_algorithm.c:683:13:VocAlgorithm__mox_model__init	16	static
../Core/Src/sensirion_voc_algorithm.c:688:13:VocAlgorithm__mox_model__set_parameters	24	static
../Core/Src/sensirion_voc_algorithm.c:696:16:VocAlgorithm__mox_model__process	16	static
../Core/Src/sensirion_voc_algorithm.c:705:13:VocAlgorithm__sigmoid_scaled__init	16	static
../Core/Src/sensirion_voc_algorithm.c:711:1:VocAlgorithm__sigmoid_scaled__set_parameters	16	static
../Core/Src/sensirion_voc_algorithm.c:717:16:VocAlgorithm__sigmoid_scaled__process	32	static
../Core/Src/sensirion_voc_algorithm.c:748:13:VocAlgorithm__adaptive_lowpass__init	16	static
../Core/Src/sensirion_voc_algorithm.c:754:1:VocAlgorithm__adaptive_lowpass__set_parameters	16	static
../Core/Src/sensirion_voc_algorithm.c:766:1:VocAlgorithm__adaptive_lowpass__process	40	static
